[2026/07/10 17:13:16] INFO     Trying to download MovieLens1M from                                       registry.py:138
                               https://files.grouplens.org/datasets/movielens/ml-1m.zip...                              

  0%|          | 0.00/5.92M [00:00<?, ?B/s]
 18%|█▊        | 1.05M/5.92M [00:00<00:03, 1.51MB/s]
 35%|███▌      | 2.10M/5.92M [00:00<00:01, 2.94MB/s]
 71%|███████   | 4.19M/5.92M [00:00<00:00, 5.75MB/s]
100%|██████████| 5.92M/5.92M [00:02<00:00, 2.26MB/s]
100%|██████████| 5.92M/5.92M [00:02<00:00, 2.50MB/s]
[2026/07/10 17:13:19] INFO     Verifying checksum...                                                          util.py:73
                      INFO     Checksum verified successfully!                                                util.py:76
                      INFO     Loading MovieLens1M...                                                    registry.py:185
[2026/07/10 17:13:23] INFO     Successfully loaded MovieLens1M!                                          registry.py:188
                      INFO     Canonicalizing raw data...                                         recsys_data_set.py:232
                      INFO     Dropping duplicate interactions...                                 recsys_data_set.py:252
                      INFO     Number of interactions before: 1000209                             recsys_data_set.py:253
                      INFO     Number of interactions after: 1000209                              recsys_data_set.py:257
                      INFO     Normalizing identifiers...                                         recsys_data_set.py:264
                      INFO     Done.                                                              recsys_data_set.py:270
                      INFO     Normalizing timestamps...                                          recsys_data_set.py:278
                      INFO     Done.                                                              recsys_data_set.py:293
                      INFO     Canonicalized raw data in 0.1304s.                                 recsys_data_set.py:243
                      INFO     Saving to /root/.omnirec/data/canon/MovieLens1M.csv...             recsys_data_set.py:244
[2026/07/10 17:13:24] INFO     Making data set implicit with threshold 4.                      feedback_conversion.py:21
                      INFO     Minimum rating: 1                                               feedback_conversion.py:24
                      INFO     Maximum rating: 5                                               feedback_conversion.py:25
                      INFO     Number of interactions before: 1000209                          feedback_conversion.py:26
                      INFO     Number of interactions after: 575281                            feedback_conversion.py:44
Traceback (most recent call last):
  File "/app/out/workspace/runfile.py", line 76, in <module>
    main()
  File "/app/out/workspace/runfile.py", line 28, in main
    dataset = pipeline.process(dataset)
              ^^^^^^^^^^^^^^^^^^^^^^^^^
  File "/app/.venv/lib/python3.12/site-packages/omnirec/preprocess/pipe.py", line 35, in process
    data = self._steps[-1].process(data)
           ^^^^^^^^^^^^^^^^^^^^^^^^^^^^^
  File "/app/.venv/lib/python3.12/site-packages/omnirec/preprocess/base.py", line 84, in process
    new_ds = self._process(dataset)
             ^^^^^^^^^^^^^^^^^^^^^^
  File "/app/.venv/lib/python3.12/site-packages/omnirec/preprocess/split.py", line 52, in _process
    train, valid = train_test_split(
                   ^^^^^^^^^^^^^^^^^
  File "/app/.venv/lib/python3.12/site-packages/sklearn/utils/_param_validation.py", line 218, in wrapper
    return func(*args, **kwargs)
           ^^^^^^^^^^^^^^^^^^^^^
  File "/app/.venv/lib/python3.12/site-packages/sklearn/model_selection/_split.py", line 2919, in train_test_split
    n_train, n_test = _validate_shuffle_split(
                      ^^^^^^^^^^^^^^^^^^^^^^^^
  File "/app/.venv/lib/python3.12/site-packages/sklearn/model_selection/_split.py", line 2499, in _validate_shuffle_split
    raise ValueError(
ValueError: With n_samples=1, test_size=0.17647058823529413 and train_size=None, the resulting train set will be empty. Adjust any of the aforementioned parameters.
Program crashed with exception (see above) after 14 seconds!