
===== Running seed 7 =====
[2026/06/03 12:00:03] INFO     Canonicalized data set already exists, skipping download and           recsys_data_set.py:205
                               canonicalization.                                                                            
Loaded dataset: RecSysDataSet(name='MovieLens100K', variant='RawData', interactions=100000, columns=4, lineage_steps=0)
                      INFO     Making data set implicit with threshold 3.                          feedback_conversion.py:21
                      INFO     Minimum rating: 1                                                   feedback_conversion.py:24
                      INFO     Maximum rating: 5                                                   feedback_conversion.py:25
                      INFO     Number of interactions before: 100000                               feedback_conversion.py:26
                      INFO     Number of interactions after: 82520                                 feedback_conversion.py:44
                      INFO     Pruning data set to 5-core.                                                core_pruning.py:19
                      INFO     Number of interactions before: 82520                                       core_pruning.py:20
[2026/06/03 12:00:04] INFO     Number of interactions after: 81697                                        core_pruning.py:63
Split sizes for seed 7: train=56419, val=12579, test=12699
                      INFO     Reusing existing env 'LensKit_env' at /root/.omnirec/data/envs/LensKit_env         envs.py:48
                      INFO     Starting runner...                                                         coordinator.py:272
[2026/06/03 12:00:06] INFO     Runner started with pid: 1437                                              coordinator.py:297
                      INFO     Connecting to runner...                                                    coordinator.py:135
                      INFO     Running phase 'Fit' for MovieLens100K/ImplicitMFScorer                     coordinator.py:402
[2026/06/03 12:00:16] INFO     Running phase 'Predict' for MovieLens100K/ImplicitMFScorer                 coordinator.py:402
[2026/06/03 12:00:26] INFO     Running phase 'Evaluate' for MovieLens100K/ImplicitMFScorer                coordinator.py:402
[2026/06/03 12:00:29] INFO     MovieLens100K/ImplicitMFScorer done!                                       coordinator.py:373
                      INFO     Stopping runner...                                                         coordinator.py:445
                      INFO     Reusing existing env 'LensKit_env' at /root/.omnirec/data/envs/LensKit_env         envs.py:48
                      INFO     Starting runner...                                                         coordinator.py:272
[2026/06/03 12:00:30] INFO     Runner started with pid: 1621                                              coordinator.py:297
                      INFO     Connecting to runner...                                                    coordinator.py:135
[2026/06/03 12:00:31] INFO     Running phase 'Fit' for MovieLens100K/ItemKNNScorer                        coordinator.py:402
[2026/06/03 12:00:41] INFO     Running phase 'Predict' for MovieLens100K/ItemKNNScorer                    coordinator.py:402
[2026/06/03 12:00:51] INFO     Running phase 'Evaluate' for MovieLens100K/ItemKNNScorer                   coordinator.py:402
[2026/06/03 12:00:53] INFO     MovieLens100K/ItemKNNScorer done!                                          coordinator.py:373
                      INFO     Stopping runner...                                                         coordinator.py:445
                      INFO     Reusing existing env 'LensKit_env' at /root/.omnirec/data/envs/LensKit_env         envs.py:48
                      INFO     Starting runner...                                                         coordinator.py:272
[2026/06/03 12:00:55] INFO     Runner started with pid: 1806                                              coordinator.py:297
                      INFO     Connecting to runner...                                                    coordinator.py:135
                      INFO     Running phase 'Fit' for MovieLens100K/PopScorer                            coordinator.py:402
[2026/06/03 12:01:05] INFO     Running phase 'Predict' for MovieLens100K/PopScorer                        coordinator.py:402
[2026/06/03 12:01:15] INFO     Running phase 'Evaluate' for MovieLens100K/PopScorer                       coordinator.py:402
[2026/06/03 12:01:18] INFO     MovieLens100K/PopScorer done!                                              coordinator.py:373
                      INFO     Stopping runner...                                                         coordinator.py:445
                               MovieLens100K-08d57673: Evaluation Results                               
┏━━━━━━━━━━━━━━━━━━━━━━━━━━━━━━━━━━━━━┳━━━━━━━━━━━━━━━━━━━━┳━━━━━━━━━━━━━━━━━━━━━┳━━━━━━━━━━━━━━━━━━━━━┓
┃ Algorithm                           ┃ HR@10              ┃ NDCG@10             ┃ Recall@10           ┃
┡━━━━━━━━━━━━━━━━━━━━━━━━━━━━━━━━━━━━━╇━━━━━━━━━━━━━━━━━━━━╇━━━━━━━━━━━━━━━━━━━━━╇━━━━━━━━━━━━━━━━━━━━━┩
│ LensKit.ImplicitMFScorer-f0dd7ecb-7 │ 0.7497348886532343 │ 0.13845192324492459 │ 0.19391001363429738 │
│ LensKit.ItemKNNScorer-5f816cf5-7    │ 0.7879109225874867 │ 0.1807754740010039  │ 0.23315112188388945 │
│ LensKit.PopScorer-f4aa5539-7        │ 0.647932131495228  │ 0.1225653741083829  │ 0.1520249457152954  │
└─────────────────────────────────────┴────────────────────┴─────────────────────┴─────────────────────┘
Seed 7 | LensKit.ImplicitMFScorer | NDCG@10=0.1715 Recall@10=0.1544 HR@10=0.7497
Seed 7 | LensKit.ItemKNNScorer | NDCG@10=0.2203 Recall@10=0.1775 HR@10=0.7879
Seed 7 | LensKit.PopScorer | NDCG@10=0.1434 Recall@10=0.1106 HR@10=0.6479

===== Running seed 19 =====
[2026/06/03 12:01:24] INFO     Canonicalized data set already exists, skipping download and           recsys_data_set.py:205
                               canonicalization.                                                                            
Loaded dataset: RecSysDataSet(name='MovieLens100K', variant='RawData', interactions=100000, columns=4, lineage_steps=0)
                      INFO     Making data set implicit with threshold 3.                          feedback_conversion.py:21
                      INFO     Minimum rating: 1                                                   feedback_conversion.py:24
                      INFO     Maximum rating: 5                                                   feedback_conversion.py:25
                      INFO     Number of interactions before: 100000                               feedback_conversion.py:26
                      INFO     Number of interactions after: 82520                                 feedback_conversion.py:44
                      INFO     Pruning data set to 5-core.                                                core_pruning.py:19
                      INFO     Number of interactions before: 82520                                       core_pruning.py:20
                      INFO     Number of interactions after: 81697                                        core_pruning.py:63
Split sizes for seed 19: train=56419, val=12579, test=12699
[2026/06/03 12:01:25] INFO     Reusing existing env 'LensKit_env' at /root/.omnirec/data/envs/LensKit_env         envs.py:48
                      INFO     Starting runner...                                                         coordinator.py:272
[2026/06/03 12:01:26] INFO     Runner started with pid: 1966                                              coordinator.py:297
                      INFO     Connecting to runner...                                                    coordinator.py:135
[2026/06/03 12:01:27] INFO     Running phase 'Fit' for MovieLens100K/ImplicitMFScorer                     coordinator.py:402
[2026/06/03 12:01:37] INFO     Running phase 'Predict' for MovieLens100K/ImplicitMFScorer                 coordinator.py:402
[2026/06/03 12:01:47] INFO     Running phase 'Evaluate' for MovieLens100K/ImplicitMFScorer                coordinator.py:402
[2026/06/03 12:01:49] INFO     MovieLens100K/ImplicitMFScorer done!                                       coordinator.py:373
                      INFO     Stopping runner...                                                         coordinator.py:445
                      INFO     Reusing existing env 'LensKit_env' at /root/.omnirec/data/envs/LensKit_env         envs.py:48
                      INFO     Starting runner...                                                         coordinator.py:272
[2026/06/03 12:01:51] INFO     Runner started with pid: 2150                                              coordinator.py:297
                      INFO     Connecting to runner...                                                    coordinator.py:135
                      INFO     Running phase 'Fit' for MovieLens100K/ItemKNNScorer                        coordinator.py:402
[2026/06/03 12:02:01] INFO     Running phase 'Predict' for MovieLens100K/ItemKNNScorer                    coordinator.py:402
[2026/06/03 12:02:11] INFO     Running phase 'Evaluate' for MovieLens100K/ItemKNNScorer                   coordinator.py:402
[2026/06/03 12:02:14] INFO     MovieLens100K/ItemKNNScorer done!                                          coordinator.py:373
                      INFO     Stopping runner...                                                         coordinator.py:445
                      INFO     Reusing existing env 'LensKit_env' at /root/.omnirec/data/envs/LensKit_env         envs.py:48
                      INFO     Starting runner...                                                         coordinator.py:272
[2026/06/03 12:02:16] INFO     Runner started with pid: 2335                                              coordinator.py:297
                      INFO     Connecting to runner...                                                    coordinator.py:135
                      INFO     Running phase 'Fit' for MovieLens100K/PopScorer                            coordinator.py:402
[2026/06/03 12:02:26] INFO     Running phase 'Predict' for MovieLens100K/PopScorer                        coordinator.py:402
[2026/06/03 12:02:36] INFO     Running phase 'Evaluate' for MovieLens100K/PopScorer                       coordinator.py:402
[2026/06/03 12:02:39] INFO     MovieLens100K/PopScorer done!                                              coordinator.py:373
                      INFO     Stopping runner...                                                         coordinator.py:445
                               MovieLens100K-08d57673: Evaluation Results                                
┏━━━━━━━━━━━━━━━━━━━━━━━━━━━━━━━━━━━━━━┳━━━━━━━━━━━━━━━━━━━━┳━━━━━━━━━━━━━━━━━━━━━┳━━━━━━━━━━━━━━━━━━━━━┓
┃ Algorithm                            ┃ HR@10              ┃ NDCG@10             ┃ Recall@10           ┃
┡━━━━━━━━━━━━━━━━━━━━━━━━━━━━━━━━━━━━━━╇━━━━━━━━━━━━━━━━━━━━╇━━━━━━━━━━━━━━━━━━━━━╇━━━━━━━━━━━━━━━━━━━━━┩
│ LensKit.ImplicitMFScorer-f0dd7ecb-19 │ 0.7348886532343585 │ 0.1408270199262525  │ 0.19769479371812318 │
│ LensKit.ItemKNNScorer-5f816cf5-19    │ 0.750795334040297  │ 0.17889927676996628 │ 0.2250286151929839  │
│ LensKit.PopScorer-f4aa5539-19        │ 0.6256627783669141 │ 0.11908049734056257 │ 0.14144279486273115 │
└──────────────────────────────────────┴────────────────────┴─────────────────────┴─────────────────────┘
Seed 19 | LensKit.ImplicitMFScorer | NDCG@10=0.1768 Recall@10=0.1595 HR@10=0.7349
Seed 19 | LensKit.ItemKNNScorer | NDCG@10=0.2166 Recall@10=0.1696 HR@10=0.7508
Seed 19 | LensKit.PopScorer | NDCG@10=0.1359 Recall@10=0.1016 HR@10=0.6257

===== Running seed 42 =====
[2026/06/03 12:02:45] INFO     Canonicalized data set already exists, skipping download and           recsys_data_set.py:205
                               canonicalization.                                                                            
Loaded dataset: RecSysDataSet(name='MovieLens100K', variant='RawData', interactions=100000, columns=4, lineage_steps=0)
                      INFO     Making data set implicit with threshold 3.                          feedback_conversion.py:21
                      INFO     Minimum rating: 1                                                   feedback_conversion.py:24
                      INFO     Maximum rating: 5                                                   feedback_conversion.py:25
                      INFO     Number of interactions before: 100000                               feedback_conversion.py:26
                      INFO     Number of interactions after: 82520                                 feedback_conversion.py:44
                      INFO     Pruning data set to 5-core.                                                core_pruning.py:19
                      INFO     Number of interactions before: 82520                                       core_pruning.py:20
                      INFO     Number of interactions after: 81697                                        core_pruning.py:63
Split sizes for seed 42: train=56419, val=12579, test=12699
                      INFO     Reusing existing env 'LensKit_env' at /root/.omnirec/data/envs/LensKit_env         envs.py:48
                      INFO     Starting runner...                                                         coordinator.py:272
[2026/06/03 12:02:47] INFO     Runner started with pid: 2496                                              coordinator.py:297
                      INFO     Connecting to runner...                                                    coordinator.py:135
                      INFO     Running phase 'Fit' for MovieLens100K/ImplicitMFScorer                     coordinator.py:402
[2026/06/03 12:02:57] INFO     Running phase 'Predict' for MovieLens100K/ImplicitMFScorer                 coordinator.py:402
[2026/06/03 12:03:07] INFO     Running phase 'Evaluate' for MovieLens100K/ImplicitMFScorer                coordinator.py:402
[2026/06/03 12:03:10] INFO     MovieLens100K/ImplicitMFScorer done!                                       coordinator.py:373
                      INFO     Stopping runner...                                                         coordinator.py:445
                      INFO     Reusing existing env 'LensKit_env' at /root/.omnirec/data/envs/LensKit_env         envs.py:48
                      INFO     Starting runner...                                                         coordinator.py:272
[2026/06/03 12:03:12] INFO     Runner started with pid: 2680                                              coordinator.py:297
                      INFO     Connecting to runner...                                                    coordinator.py:135
                      INFO     Running phase 'Fit' for MovieLens100K/ItemKNNScorer                        coordinator.py:402
[2026/06/03 12:03:22] INFO     Running phase 'Predict' for MovieLens100K/ItemKNNScorer                    coordinator.py:402
[2026/06/03 12:03:32] INFO     Running phase 'Evaluate' for MovieLens100K/ItemKNNScorer                   coordinator.py:402
[2026/06/03 12:03:35] INFO     MovieLens100K/ItemKNNScorer done!                                          coordinator.py:373
                      INFO     Stopping runner...                                                         coordinator.py:445
                      INFO     Reusing existing env 'LensKit_env' at /root/.omnirec/data/envs/LensKit_env         envs.py:48
                      INFO     Starting runner...                                                         coordinator.py:272
[2026/06/03 12:03:36] INFO     Runner started with pid: 2865                                              coordinator.py:297
                      INFO     Connecting to runner...                                                    coordinator.py:135
                      INFO     Running phase 'Fit' for MovieLens100K/PopScorer                            coordinator.py:402
[2026/06/03 12:03:46] INFO     Running phase 'Predict' for MovieLens100K/PopScorer                        coordinator.py:402
[2026/06/03 12:03:56] INFO     Running phase 'Evaluate' for MovieLens100K/PopScorer                       coordinator.py:402
[2026/06/03 12:03:59] INFO     MovieLens100K/PopScorer done!                                              coordinator.py:373
                      INFO     Stopping runner...                                                         coordinator.py:445
                               MovieLens100K-08d57673: Evaluation Results                                
┏━━━━━━━━━━━━━━━━━━━━━━━━━━━━━━━━━━━━━━┳━━━━━━━━━━━━━━━━━━━━┳━━━━━━━━━━━━━━━━━━━━━┳━━━━━━━━━━━━━━━━━━━━━┓
┃ Algorithm                            ┃ HR@10              ┃ NDCG@10             ┃ Recall@10           ┃
┡━━━━━━━━━━━━━━━━━━━━━━━━━━━━━━━━━━━━━━╇━━━━━━━━━━━━━━━━━━━━╇━━━━━━━━━━━━━━━━━━━━━╇━━━━━━━━━━━━━━━━━━━━━┩
│ LensKit.ImplicitMFScorer-f0dd7ecb-42 │ 0.7232237539766702 │ 0.13668298348849559 │ 0.18766432695382798 │
│ LensKit.ItemKNNScorer-5f816cf5-42    │ 0.7454931071049841 │ 0.17561384032793625 │ 0.22137512834755643 │
│ LensKit.PopScorer-f4aa5539-42        │ 0.6150583244962884 │ 0.12108726354695216 │ 0.14531678701880174 │
└──────────────────────────────────────┴────────────────────┴─────────────────────┴─────────────────────┘
Seed 42 | LensKit.ImplicitMFScorer | NDCG@10=0.1688 Recall@10=0.1508 HR@10=0.7232
Seed 42 | LensKit.ItemKNNScorer | NDCG@10=0.2127 Recall@10=0.1673 HR@10=0.7455
Seed 42 | LensKit.PopScorer | NDCG@10=0.1403 Recall@10=0.1037 HR@10=0.6151

===== Running seed 123 =====
[2026/06/03 12:04:05] INFO     Canonicalized data set already exists, skipping download and           recsys_data_set.py:205
                               canonicalization.                                                                            
Loaded dataset: RecSysDataSet(name='MovieLens100K', variant='RawData', interactions=100000, columns=4, lineage_steps=0)
                      INFO     Making data set implicit with threshold 3.                          feedback_conversion.py:21
                      INFO     Minimum rating: 1                                                   feedback_conversion.py:24
                      INFO     Maximum rating: 5                                                   feedback_conversion.py:25
                      INFO     Number of interactions before: 100000                               feedback_conversion.py:26
                      INFO     Number of interactions after: 82520                                 feedback_conversion.py:44
                      INFO     Pruning data set to 5-core.                                                core_pruning.py:19
                      INFO     Number of interactions before: 82520                                       core_pruning.py:20
                      INFO     Number of interactions after: 81697                                        core_pruning.py:63
Split sizes for seed 123: train=56419, val=12579, test=12699
[2026/06/03 12:04:06] INFO     Reusing existing env 'LensKit_env' at /root/.omnirec/data/envs/LensKit_env         envs.py:48
                      INFO     Starting runner...                                                         coordinator.py:272
[2026/06/03 12:04:07] INFO     Runner started with pid: 3025                                              coordinator.py:297
                      INFO     Connecting to runner...                                                    coordinator.py:135
[2026/06/03 12:04:08] INFO     Running phase 'Fit' for MovieLens100K/ImplicitMFScorer                     coordinator.py:402
[2026/06/03 12:04:18] INFO     Running phase 'Predict' for MovieLens100K/ImplicitMFScorer                 coordinator.py:402
[2026/06/03 12:04:28] INFO     Running phase 'Evaluate' for MovieLens100K/ImplicitMFScorer                coordinator.py:402
[2026/06/03 12:04:30] INFO     MovieLens100K/ImplicitMFScorer done!                                       coordinator.py:373
                      INFO     Stopping runner...                                                         coordinator.py:445
                      INFO     Reusing existing env 'LensKit_env' at /root/.omnirec/data/envs/LensKit_env         envs.py:48
                      INFO     Starting runner...                                                         coordinator.py:272
[2026/06/03 12:04:32] INFO     Runner started with pid: 3209                                              coordinator.py:297
                      INFO     Connecting to runner...                                                    coordinator.py:135
                      INFO     Running phase 'Fit' for MovieLens100K/ItemKNNScorer                        coordinator.py:402
[2026/06/03 12:04:42] INFO     Running phase 'Predict' for MovieLens100K/ItemKNNScorer                    coordinator.py:402
[2026/06/03 12:04:52] INFO     Running phase 'Evaluate' for MovieLens100K/ItemKNNScorer                   coordinator.py:402
[2026/06/03 12:04:55] INFO     MovieLens100K/ItemKNNScorer done!                                          coordinator.py:373
                      INFO     Stopping runner...                                                         coordinator.py:445
                      INFO     Reusing existing env 'LensKit_env' at /root/.omnirec/data/envs/LensKit_env         envs.py:48
                      INFO     Starting runner...                                                         coordinator.py:272
[2026/06/03 12:04:56] INFO     Runner started with pid: 3394                                              coordinator.py:297
                      INFO     Connecting to runner...                                                    coordinator.py:135
[2026/06/03 12:04:57] INFO     Running phase 'Fit' for MovieLens100K/PopScorer                            coordinator.py:402
[2026/06/03 12:05:07] INFO     Running phase 'Predict' for MovieLens100K/PopScorer                        coordinator.py:402
[2026/06/03 12:05:17] INFO     Running phase 'Evaluate' for MovieLens100K/PopScorer                       coordinator.py:402
[2026/06/03 12:05:19] INFO     MovieLens100K/PopScorer done!                                              coordinator.py:373
                      INFO     Stopping runner...                                                         coordinator.py:445
                                MovieLens100K-08d57673: Evaluation Results                                
┏━━━━━━━━━━━━━━━━━━━━━━━━━━━━━━━━━━━━━━━┳━━━━━━━━━━━━━━━━━━━━┳━━━━━━━━━━━━━━━━━━━━━┳━━━━━━━━━━━━━━━━━━━━━┓
┃ Algorithm                             ┃ HR@10              ┃ NDCG@10             ┃ Recall@10           ┃
┡━━━━━━━━━━━━━━━━━━━━━━━━━━━━━━━━━━━━━━━╇━━━━━━━━━━━━━━━━━━━━╇━━━━━━━━━━━━━━━━━━━━━╇━━━━━━━━━━━━━━━━━━━━━┩
│ LensKit.ImplicitMFScorer-f0dd7ecb-123 │ 0.7380699893955461 │ 0.1373901625602407  │ 0.19149371307377608 │
│ LensKit.ItemKNNScorer-5f816cf5-123    │ 0.7582184517497349 │ 0.18104520325950235 │ 0.22655237421939386 │
│ LensKit.PopScorer-f4aa5539-123        │ 0.6383881230116649 │ 0.12107607568214286 │ 0.14313151206046187 │
└───────────────────────────────────────┴────────────────────┴─────────────────────┴─────────────────────┘
Seed 123 | LensKit.ImplicitMFScorer | NDCG@10=0.1694 Recall@10=0.1530 HR@10=0.7381
Seed 123 | LensKit.ItemKNNScorer | NDCG@10=0.2175 Recall@10=0.1692 HR@10=0.7582
Seed 123 | LensKit.PopScorer | NDCG@10=0.1377 Recall@10=0.1020 HR@10=0.6384

===== Running seed 2025 =====
[2026/06/03 12:05:25] INFO     Canonicalized data set already exists, skipping download and           recsys_data_set.py:205
                               canonicalization.                                                                            
Loaded dataset: RecSysDataSet(name='MovieLens100K', variant='RawData', interactions=100000, columns=4, lineage_steps=0)
                      INFO     Making data set implicit with threshold 3.                          feedback_conversion.py:21
                      INFO     Minimum rating: 1                                                   feedback_conversion.py:24
                      INFO     Maximum rating: 5                                                   feedback_conversion.py:25
                      INFO     Number of interactions before: 100000                               feedback_conversion.py:26
                      INFO     Number of interactions after: 82520                                 feedback_conversion.py:44
                      INFO     Pruning data set to 5-core.                                                core_pruning.py:19
                      INFO     Number of interactions before: 82520                                       core_pruning.py:20
[2026/06/03 12:05:26] INFO     Number of interactions after: 81697                                        core_pruning.py:63
Split sizes for seed 2025: train=56419, val=12579, test=12699
                      INFO     Reusing existing env 'LensKit_env' at /root/.omnirec/data/envs/LensKit_env         envs.py:48
                      INFO     Starting runner...                                                         coordinator.py:272
[2026/06/03 12:05:28] INFO     Runner started with pid: 3554                                              coordinator.py:297
                      INFO     Connecting to runner...                                                    coordinator.py:135
                      INFO     Running phase 'Fit' for MovieLens100K/ImplicitMFScorer                     coordinator.py:402
[2026/06/03 12:05:38] INFO     Running phase 'Predict' for MovieLens100K/ImplicitMFScorer                 coordinator.py:402
[2026/06/03 12:05:48] INFO     Running phase 'Evaluate' for MovieLens100K/ImplicitMFScorer                coordinator.py:402
[2026/06/03 12:05:51] INFO     MovieLens100K/ImplicitMFScorer done!                                       coordinator.py:373
                      INFO     Stopping runner...                                                         coordinator.py:445
                      INFO     Reusing existing env 'LensKit_env' at /root/.omnirec/data/envs/LensKit_env         envs.py:48
                      INFO     Starting runner...                                                         coordinator.py:272
[2026/06/03 12:05:52] INFO     Runner started with pid: 3738                                              coordinator.py:297
                      INFO     Connecting to runner...                                                    coordinator.py:135
                      INFO     Running phase 'Fit' for MovieLens100K/ItemKNNScorer                        coordinator.py:402
[2026/06/03 12:06:02] INFO     Running phase 'Predict' for MovieLens100K/ItemKNNScorer                    coordinator.py:402
[2026/06/03 12:06:12] INFO     Running phase 'Evaluate' for MovieLens100K/ItemKNNScorer                   coordinator.py:402
[2026/06/03 12:06:15] INFO     MovieLens100K/ItemKNNScorer done!                                          coordinator.py:373
                      INFO     Stopping runner...                                                         coordinator.py:445
                      INFO     Reusing existing env 'LensKit_env' at /root/.omnirec/data/envs/LensKit_env         envs.py:48
                      INFO     Starting runner...                                                         coordinator.py:272
[2026/06/03 12:06:17] INFO     Runner started with pid: 3923                                              coordinator.py:297
                      INFO     Connecting to runner...                                                    coordinator.py:135
                      INFO     Running phase 'Fit' for MovieLens100K/PopScorer                            coordinator.py:402
[2026/06/03 12:06:27] INFO     Running phase 'Predict' for MovieLens100K/PopScorer                        coordinator.py:402
[2026/06/03 12:06:37] INFO     Running phase 'Evaluate' for MovieLens100K/PopScorer                       coordinator.py:402
[2026/06/03 12:06:40] INFO     MovieLens100K/PopScorer done!                                              coordinator.py:373
                      INFO     Stopping runner...                                                         coordinator.py:445
                                MovieLens100K-08d57673: Evaluation Results                                 
┏━━━━━━━━━━━━━━━━━━━━━━━━━━━━━━━━━━━━━━━━┳━━━━━━━━━━━━━━━━━━━━┳━━━━━━━━━━━━━━━━━━━━━┳━━━━━━━━━━━━━━━━━━━━━┓
┃ Algorithm                              ┃ HR@10              ┃ NDCG@10             ┃ Recall@10           ┃
┡━━━━━━━━━━━━━━━━━━━━━━━━━━━━━━━━━━━━━━━━╇━━━━━━━━━━━━━━━━━━━━╇━━━━━━━━━━━━━━━━━━━━━╇━━━━━━━━━━━━━━━━━━━━━┩
│ LensKit.ImplicitMFScorer-f0dd7ecb-2025 │ 0.7560975609756098 │ 0.1469394620733833  │ 0.20271339359356272 │
│ LensKit.ItemKNNScorer-5f816cf5-2025    │ 0.7667020148462355 │ 0.17821380060976463 │ 0.2261349290511534  │
│ LensKit.PopScorer-f4aa5539-2025        │ 0.6521739130434783 │ 0.1224080778656933  │ 0.14920003703142606 │
└────────────────────────────────────────┴────────────────────┴─────────────────────┴─────────────────────┘
/app/out/workspace/runfile.py:210: FutureWarning: The default of observed=False is deprecated and will be changed to True in a future version of pandas. Pass observed=False to retain current behavior or observed=True to adopt the future default and silence this warning.
  summary_df = results_df.groupby('algorithm')[metric_cols].agg(['mean', 'std', 'min', 'max'])
Seed 2025 | LensKit.ImplicitMFScorer | NDCG@10=0.1821 Recall@10=0.1614 HR@10=0.7561
Seed 2025 | LensKit.ItemKNNScorer | NDCG@10=0.2181 Recall@10=0.1709 HR@10=0.7667
Seed 2025 | LensKit.PopScorer | NDCG@10=0.1429 Recall@10=0.1094 HR@10=0.6522

===== Per-seed test results =====
 seed algorithm  train_interactions  val_interactions  test_interactions  NDCG@10  Recall@10    HR@10  users_evaluated
    7       NaN               56419             12579              12699 0.171466   0.154442 0.749735              943
    7       NaN               56419             12579              12699 0.220297   0.177497 0.787911              943
    7       NaN               56419             12579              12699 0.143399   0.110608 0.647932              943
   19       NaN               56419             12579              12699 0.176813   0.159453 0.734889              943
   19       NaN               56419             12579              12699 0.216568   0.169622 0.750795              943
   19       NaN               56419             12579              12699 0.135902   0.101581 0.625663              943
   42       NaN               56419             12579              12699 0.168776   0.150801 0.723224              943
   42       NaN               56419             12579              12699 0.212717   0.167273 0.745493              943
   42       NaN               56419             12579              12699 0.140346   0.103743 0.615058              943
  123       NaN               56419             12579              12699 0.169425   0.152988 0.738070              943
  123       NaN               56419             12579              12699 0.217455   0.169227 0.758218              943
  123       NaN               56419             12579              12699 0.137678   0.101998 0.638388              943
 2025       NaN               56419             12579              12699 0.182089   0.161368 0.756098              943
 2025       NaN               56419             12579              12699 0.218146   0.170914 0.766702              943
 2025       NaN               56419             12579              12699 0.142908   0.109395 0.652174              943

===== Seed sensitivity summary =====
       algorithm  NDCG@10_mean  NDCG@10_std  NDCG@10_min  NDCG@10_max  Recall@10_mean  Recall@10_std  Recall@10_min  Recall@10_max  HR@10_mean  HR@10_std  HR@10_min  HR@10_max
ImplicitMFScorer           NaN          NaN          NaN          NaN             NaN            NaN            NaN            NaN         NaN        NaN        NaN        NaN
   ItemKNNScorer           NaN          NaN          NaN          NaN             NaN            NaN            NaN            NaN         NaN        NaN        NaN        NaN
       PopScorer           NaN          NaN          NaN          NaN             NaN            NaN            NaN            NaN         NaN        NaN        NaN        NaN

Saved per-run results to: /app/out/workspace/working/per_seed_test_results.csv
Saved summary results to: /app/out/workspace/working/seed_sensitivity_summary.csv
Execution time: 6 minutes (time limit is an hour).