[2026/07/10 17:24:23] INFO     Canonicalized data set already exists, skipping download and       recsys_data_set.py:205
                               canonicalization.                                                                        
Loaded dataset: MovieLens1M
Raw interactions: 1000209
                      INFO     Making data set implicit with threshold 4.                      feedback_conversion.py:21
                      INFO     Minimum rating: 1                                               feedback_conversion.py:24
                      INFO     Maximum rating: 5                                               feedback_conversion.py:25
                      INFO     Number of interactions before: 1000209                          feedback_conversion.py:26
                      INFO     Number of interactions after: 575281                            feedback_conversion.py:44
                      INFO     Pruning data set to 5-core.                                            core_pruning.py:19
                      INFO     Number of interactions before: 575281                                  core_pruning.py:20
                      INFO     Number of interactions after: 574376                                   core_pruning.py:63
Post-preprocessing stats: {'dataset': 'MovieLens1M', 'train_interactions': 397180, 'val_interactions': 88155, 'test_interactions': 89041, 'total_interactions': 574376}
Experiment metadata: {'dataset': 'MovieLens1M', 'split_protocol': 'MakeImplicit(4) -> CorePruning(5) -> UserHoldout(0.15, 0.15)', 'algorithms': ['LensKit.ItemKNNScorer', 'LensKit.ImplicitMFScorer'], 'metrics': ['NDCG@10', 'Recall@1']}
[2026/07/10 17:24:27] INFO     Reusing existing env 'LensKit_env' at /root/.omnirec/data/envs/LensKit_env     envs.py:48
                      INFO     Starting runner...                                                     coordinator.py:272
[2026/07/10 17:24:29] INFO     Runner started with pid: 2919                                          coordinator.py:297
                      INFO     Connecting to runner...                                                coordinator.py:135
                      INFO     Running phase 'Fit' for MovieLens1M/ItemKNNScorer                      coordinator.py:402
[2026/07/10 17:24:39] INFO     Running phase 'Predict' for MovieLens1M/ItemKNNScorer                  coordinator.py:402
[2026/07/10 17:25:29] INFO     Running phase 'Evaluate' for MovieLens1M/ItemKNNScorer                 coordinator.py:402
[2026/07/10 17:26:10] INFO     MovieLens1M/ItemKNNScorer done!                                        coordinator.py:373
                      INFO     Stopping runner...                                                     coordinator.py:445
                      INFO     Reusing existing env 'LensKit_env' at /root/.omnirec/data/envs/LensKit_env     envs.py:48
                      INFO     Starting runner...                                                     coordinator.py:272
[2026/07/10 17:26:12] INFO     Runner started with pid: 3107                                          coordinator.py:297
                      INFO     Connecting to runner...                                                coordinator.py:135
[2026/07/10 17:26:13] INFO     Running phase 'Fit' for MovieLens1M/ImplicitMFScorer                   coordinator.py:402
[2026/07/10 17:26:23] INFO     Running phase 'Predict' for MovieLens1M/ImplicitMFScorer               coordinator.py:402
[2026/07/10 17:27:13] INFO     Running phase 'Evaluate' for MovieLens1M/ImplicitMFScorer              coordinator.py:402
[2026/07/10 17:27:55] INFO     MovieLens1M/ImplicitMFScorer done!                                     coordinator.py:373
                      INFO     Stopping runner...                                                     coordinator.py:445
                     MovieLens1M-e5ebdb32: Evaluation Results                      
┏━━━━━━━━━━━━━━━━━━━━━━━━━━━━━━━━━━━━━━┳━━━━━━━━━━━━━━━━━━━━┳━━━━━━━━━━━━━━━━━━━━━┓
┃ Algorithm                            ┃ NDCG@10            ┃ Recall@1            ┃
┡━━━━━━━━━━━━━━━━━━━━━━━━━━━━━━━━━━━━━━╇━━━━━━━━━━━━━━━━━━━━╇━━━━━━━━━━━━━━━━━━━━━┩
│ LensKit.ImplicitMFScorer-27495fcd-42 │ 0.1263145316301641 │ 0.14816042426251244 │
│ LensKit.ItemKNNScorer-dd803d4b-42    │ 0.1438322238046411 │ 0.19471836871134882 │
└──────────────────────────────────────┴────────────────────┴─────────────────────┘
None
{'NDCG@10': None, 'Recall@1': None}
Saved plot to /app/out/workspace/working/prototype_metrics.png
Execution time: 3 minutes (time limit is an hour).