Loading MovieLens100K with OmniRec...
[2026/06/03 12:18:46] INFO     Canonicalized data set already exists, skipping download and           recsys_data_set.py:205
                               canonicalization.                                                                            
RecSysDataSet(name='MovieLens100K', variant='RawData', interactions=100000, columns=4, lineage_steps=0)
RecSysDataSet: MovieLens100K
  Variant: RawData
  Interactions: 100000
  Columns: 4
  Metadata:
    Name: MovieLens100K
    Canonical path: /root/.omnirec/data/canon/MovieLens100K.csv
    Raw dir: unknown
  Lineage steps: 0
  Lineage:
    No preprocessing lineage recorded.

=== Preprocessing for seed 11 (OmniRec random state=11) ===
[2026/06/03 12:18:47] INFO     Making data set implicit with threshold 4.                          feedback_conversion.py:21
                      INFO     Minimum rating: 4                                                   feedback_conversion.py:24
                      INFO     Maximum rating: 5                                                   feedback_conversion.py:25
                      INFO     Number of interactions before: 55375                                feedback_conversion.py:26
                      INFO     Number of interactions after: 55375                                 feedback_conversion.py:44
                      INFO     Pruning data set to 5-core.                                                core_pruning.py:19
                      INFO     Number of interactions before: 55375                                       core_pruning.py:20
                      INFO     Number of interactions after: 54413                                        core_pruning.py:63
Saved seed-specific dataset to: /app/out/workspace/working/MovieLens100K_seed11_implicit_5core.rsds
RecSysDataSet(name='MovieLens100K', variant='SplitData', interactions={'train': 38089, 'val': 8162, 'test': 8162}, columns={'train': 3, 'val': 3, 'test': 3}, lineage_steps=4)

=== Preprocessing for seed 22 (OmniRec random state=22) ===
                      INFO     Making data set implicit with threshold 4.                          feedback_conversion.py:21
                      INFO     Minimum rating: 4                                                   feedback_conversion.py:24
                      INFO     Maximum rating: 5                                                   feedback_conversion.py:25
                      INFO     Number of interactions before: 55375                                feedback_conversion.py:26
                      INFO     Number of interactions after: 55375                                 feedback_conversion.py:44
                      INFO     Pruning data set to 5-core.                                                core_pruning.py:19
                      INFO     Number of interactions before: 55375                                       core_pruning.py:20
                      INFO     Number of interactions after: 54413                                        core_pruning.py:63
Saved seed-specific dataset to: /app/out/workspace/working/MovieLens100K_seed22_implicit_5core.rsds
RecSysDataSet(name='MovieLens100K', variant='SplitData', interactions={'train': 38089, 'val': 8162, 'test': 8162}, columns={'train': 3, 'val': 3, 'test': 3}, lineage_steps=4)

=== Preprocessing for seed 33 (OmniRec random state=33) ===
                      INFO     Making data set implicit with threshold 4.                          feedback_conversion.py:21
                      INFO     Minimum rating: 4                                                   feedback_conversion.py:24
                      INFO     Maximum rating: 5                                                   feedback_conversion.py:25
                      INFO     Number of interactions before: 55375                                feedback_conversion.py:26
                      INFO     Number of interactions after: 55375                                 feedback_conversion.py:44
                      INFO     Pruning data set to 5-core.                                                core_pruning.py:19
                      INFO     Number of interactions before: 55375                                       core_pruning.py:20
                      INFO     Number of interactions after: 54413                                        core_pruning.py:63
Saved seed-specific dataset to: /app/out/workspace/working/MovieLens100K_seed33_implicit_5core.rsds
RecSysDataSet(name='MovieLens100K', variant='SplitData', interactions={'train': 38089, 'val': 8162, 'test': 8162}, columns={'train': 3, 'val': 3, 'test': 3}, lineage_steps=4)

=== Preprocessing for seed 44 (OmniRec random state=44) ===
                      INFO     Making data set implicit with threshold 4.                          feedback_conversion.py:21
                      INFO     Minimum rating: 4                                                   feedback_conversion.py:24
                      INFO     Maximum rating: 5                                                   feedback_conversion.py:25
                      INFO     Number of interactions before: 55375                                feedback_conversion.py:26
                      INFO     Number of interactions after: 55375                                 feedback_conversion.py:44
                      INFO     Pruning data set to 5-core.                                                core_pruning.py:19
                      INFO     Number of interactions before: 55375                                       core_pruning.py:20
                      INFO     Number of interactions after: 54413                                        core_pruning.py:63
Saved seed-specific dataset to: /app/out/workspace/working/MovieLens100K_seed44_implicit_5core.rsds
RecSysDataSet(name='MovieLens100K', variant='SplitData', interactions={'train': 38089, 'val': 8162, 'test': 8162}, columns={'train': 3, 'val': 3, 'test': 3}, lineage_steps=4)

=== Preprocessing for seed 55 (OmniRec random state=55) ===
                      INFO     Making data set implicit with threshold 4.                          feedback_conversion.py:21
                      INFO     Minimum rating: 4                                                   feedback_conversion.py:24
                      INFO     Maximum rating: 5                                                   feedback_conversion.py:25
                      INFO     Number of interactions before: 55375                                feedback_conversion.py:26
                      INFO     Number of interactions after: 55375                                 feedback_conversion.py:44
                      INFO     Pruning data set to 5-core.                                                core_pruning.py:19
                      INFO     Number of interactions before: 55375                                       core_pruning.py:20
                      INFO     Number of interactions after: 54413                                        core_pruning.py:63
Saved seed-specific dataset to: /app/out/workspace/working/MovieLens100K_seed55_implicit_5core.rsds
RecSysDataSet(name='MovieLens100K', variant='SplitData', interactions={'train': 38089, 'val': 8162, 'test': 8162}, columns={'train': 3, 'val': 3, 'test': 3}, lineage_steps=4)

Prepared datasets:
  seed=11: name=MovieLens100K_seed11_implicit_5core path=/app/out/workspace/working/MovieLens100K_seed11_implicit_5core.rsds
  seed=22: name=MovieLens100K_seed22_implicit_5core path=/app/out/workspace/working/MovieLens100K_seed22_implicit_5core.rsds
  seed=33: name=MovieLens100K_seed33_implicit_5core path=/app/out/workspace/working/MovieLens100K_seed33_implicit_5core.rsds
  seed=44: name=MovieLens100K_seed44_implicit_5core path=/app/out/workspace/working/MovieLens100K_seed44_implicit_5core.rsds
  seed=55: name=MovieLens100K_seed55_implicit_5core path=/app/out/workspace/working/MovieLens100K_seed55_implicit_5core.rsds

Running OmniRec experiments for ALS, ItemKNN, and Pop...
                      INFO     Reusing existing env 'LensKit_env' at /root/.omnirec/data/envs/LensKit_env         envs.py:48
                      INFO     Starting runner...                                                         coordinator.py:272
[2026/06/03 12:18:49] INFO     Runner started with pid: 8108                                              coordinator.py:297
                      INFO     Connecting to runner...                                                    coordinator.py:135
                      INFO     Running phase 'Fit' for MovieLens100K/ImplicitMFScorer                     coordinator.py:402
[2026/06/03 12:18:59] INFO     Running phase 'Predict' for MovieLens100K/ImplicitMFScorer                 coordinator.py:402
[2026/06/03 12:19:09] INFO     Running phase 'Evaluate' for MovieLens100K/ImplicitMFScorer                coordinator.py:402
[2026/06/03 12:19:11] INFO     MovieLens100K/ImplicitMFScorer done!                                       coordinator.py:373
                      INFO     All phases for MovieLens100K/ImplicitMFScorer already complete,            coordinator.py:375
                               skipping...                                                                                  
                      INFO     All phases for MovieLens100K/ImplicitMFScorer already complete,            coordinator.py:375
                               skipping...                                                                                  
                      INFO     All phases for MovieLens100K/ImplicitMFScorer already complete,            coordinator.py:375
                               skipping...                                                                                  
                      INFO     All phases for MovieLens100K/ImplicitMFScorer already complete,            coordinator.py:375
                               skipping...                                                                                  
                      INFO     Stopping runner...                                                         coordinator.py:445
                      INFO     Reusing existing env 'LensKit_env' at /root/.omnirec/data/envs/LensKit_env         envs.py:48
                      INFO     Starting runner...                                                         coordinator.py:272
[2026/06/03 12:19:13] INFO     Runner started with pid: 8292                                              coordinator.py:297
                      INFO     Connecting to runner...                                                    coordinator.py:135
                      INFO     Running phase 'Fit' for MovieLens100K/ItemKNNScorer                        coordinator.py:402
[2026/06/03 12:19:23] INFO     Running phase 'Predict' for MovieLens100K/ItemKNNScorer                    coordinator.py:402
[2026/06/03 12:19:33] INFO     Running phase 'Evaluate' for MovieLens100K/ItemKNNScorer                   coordinator.py:402
[2026/06/03 12:19:35] INFO     MovieLens100K/ItemKNNScorer done!                                          coordinator.py:373
                      INFO     All phases for MovieLens100K/ItemKNNScorer already complete, skipping...   coordinator.py:375
[2026/06/03 12:19:36] INFO     All phases for MovieLens100K/ItemKNNScorer already complete, skipping...   coordinator.py:375
                      INFO     All phases for MovieLens100K/ItemKNNScorer already complete, skipping...   coordinator.py:375
                      INFO     All phases for MovieLens100K/ItemKNNScorer already complete, skipping...   coordinator.py:375
                      INFO     Stopping runner...                                                         coordinator.py:445
                      INFO     Reusing existing env 'LensKit_env' at /root/.omnirec/data/envs/LensKit_env         envs.py:48
                      INFO     Starting runner...                                                         coordinator.py:272
[2026/06/03 12:19:37] INFO     Runner started with pid: 8477                                              coordinator.py:297
                      INFO     Connecting to runner...                                                    coordinator.py:135
                      INFO     Running phase 'Fit' for MovieLens100K/PopScorer                            coordinator.py:402
[2026/06/03 12:19:47] INFO     Running phase 'Predict' for MovieLens100K/PopScorer                        coordinator.py:402
[2026/06/03 12:19:57] INFO     Running phase 'Evaluate' for MovieLens100K/PopScorer                       coordinator.py:402
[2026/06/03 12:20:00] INFO     MovieLens100K/PopScorer done!                                              coordinator.py:373
                      INFO     All phases for MovieLens100K/PopScorer already complete, skipping...       coordinator.py:375
                      INFO     All phases for MovieLens100K/PopScorer already complete, skipping...       coordinator.py:375
                      INFO     All phases for MovieLens100K/PopScorer already complete, skipping...       coordinator.py:375
                      INFO     All phases for MovieLens100K/PopScorer already complete, skipping...       coordinator.py:375
                      INFO     Stopping runner...                                                         coordinator.py:445
                               MovieLens100K-2c020eec: Evaluation Results                                
┏━━━━━━━━━━━━━━━━━━━━━━━━━━━━━━━━━━━━━━┳━━━━━━━━━━━━━━━━━━━━┳━━━━━━━━━━━━━━━━━━━━━┳━━━━━━━━━━━━━━━━━━━━━┓
┃ Algorithm                            ┃ HR@10              ┃ NDCG@10             ┃ Recall@10           ┃
┡━━━━━━━━━━━━━━━━━━━━━━━━━━━━━━━━━━━━━━╇━━━━━━━━━━━━━━━━━━━━╇━━━━━━━━━━━━━━━━━━━━━╇━━━━━━━━━━━━━━━━━━━━━┩
│ LensKit.ImplicitMFScorer-f0dd7ecb-55 │ 0.6137624861265261 │ 0.10856757031127523 │ 0.18244851399679352 │
│ LensKit.ItemKNNScorer-5f816cf5-55    │ 0.6681465038845728 │ 0.14452198839577415 │ 0.21368276870496597 │
│ LensKit.PopScorer-f4aa5539-55        │ 0.5260821309655938 │ 0.0944719104217089  │ 0.12924220002466397 │
└──────────────────────────────────────┴────────────────────┴─────────────────────┴─────────────────────┘

Collecting and aggregating results...

Available dataset result keys from OmniRec:
  - MovieLens100K-2c020eec
Warning: could not infer seed from dataset id MovieLens100K-2c020eec; skipping.
Traceback (most recent call last):
  File "/app/out/workspace/runfile.py", line 216, in <module>
    summarize_results(evaluator, seed_dataset_names, results_dir)
  File "/app/out/workspace/runfile.py", line 120, in summarize_results
    raise RuntimeError(
RuntimeError: No per-seed rows could be assembled from OmniRec results. Check that each split dataset has a unique dataset.meta.name.
Program crashed with exception (see above) after a minute!