Loading MovieLens20M...
[2026/07/10 14:39:26] INFO     Trying to download MovieLens20M from                                      registry.py:138
                               https://files.grouplens.org/datasets/movielens/ml-20m.zip...                             

  0%|          | 0.00/199M [00:00<?, ?B/s]
  1%|          | 1.05M/199M [00:00<02:12, 1.49MB/s]
  1%|          | 2.10M/199M [00:00<01:08, 2.89MB/s]
  2%|▏         | 4.19M/199M [00:01<00:40, 4.85MB/s]
  3%|▎         | 6.29M/199M [00:01<00:27, 7.07MB/s]
  4%|▍         | 8.39M/199M [00:01<00:21, 8.84MB/s]
  5%|▌         | 10.5M/199M [00:01<00:18, 10.1MB/s]
  6%|▋         | 12.6M/199M [00:01<00:16, 11.1MB/s]
  7%|▋         | 14.7M/199M [00:01<00:15, 11.8MB/s]
  8%|▊         | 16.8M/199M [00:02<00:14, 12.3MB/s]
  9%|▉         | 18.9M/199M [00:02<00:14, 12.6MB/s]
 11%|█         | 21.0M/199M [00:02<00:13, 12.9MB/s]
 12%|█▏        | 23.1M/199M [00:02<00:13, 13.4MB/s]
 13%|█▎        | 25.2M/199M [00:02<00:13, 13.3MB/s]
 14%|█▎        | 27.3M/199M [00:02<00:12, 13.4MB/s]
 15%|█▍        | 29.4M/199M [00:02<00:12, 13.5MB/s]
 16%|█▌        | 31.5M/199M [00:03<00:12, 13.4MB/s]
 17%|█▋        | 33.6M/199M [00:03<00:12, 13.7MB/s]
 18%|█▊        | 35.7M/199M [00:03<00:12, 13.5MB/s]
 19%|█▉        | 37.7M/199M [00:03<00:11, 13.5MB/s]
 20%|██        | 39.8M/199M [00:03<00:11, 13.5MB/s]
 21%|██        | 41.9M/199M [00:03<00:11, 13.6MB/s]
 22%|██▏       | 44.0M/199M [00:04<00:11, 13.6MB/s]
 23%|██▎       | 46.1M/199M [00:04<00:11, 13.5MB/s]
 24%|██▍       | 48.2M/199M [00:04<00:11, 13.5MB/s]
 25%|██▌       | 50.3M/199M [00:04<00:10, 13.8MB/s]
 26%|██▋       | 52.4M/199M [00:04<00:10, 13.8MB/s]
 27%|██▋       | 54.5M/199M [00:04<00:10, 13.8MB/s]
 28%|██▊       | 56.6M/199M [00:04<00:10, 13.7MB/s]
 30%|██▉       | 58.7M/199M [00:05<00:10, 13.6MB/s]
 31%|███       | 60.8M/199M [00:05<00:10, 13.7MB/s]
 32%|███▏      | 62.9M/199M [00:05<00:09, 13.6MB/s]
 33%|███▎      | 65.0M/199M [00:05<00:09, 13.8MB/s]
 34%|███▍      | 67.1M/199M [00:05<00:09, 13.9MB/s]
 35%|███▍      | 69.2M/199M [00:05<00:09, 13.3MB/s]
 36%|███▌      | 71.3M/199M [00:06<00:10, 11.9MB/s]
 37%|███▋      | 73.4M/199M [00:06<00:11, 11.1MB/s]
 38%|███▊      | 75.5M/199M [00:06<00:10, 11.3MB/s]
 39%|███▉      | 77.6M/199M [00:06<00:11, 10.7MB/s]
 40%|████      | 79.7M/199M [00:06<00:11, 10.4MB/s]
 41%|████      | 81.8M/199M [00:07<00:11, 10.3MB/s]
 42%|████▏     | 82.8M/199M [00:07<00:11, 10.1MB/s]
 42%|████▏     | 83.9M/199M [00:07<00:11, 10.1MB/s]
 43%|████▎     | 84.9M/199M [00:07<00:11, 10.2MB/s]
 44%|████▍     | 87.0M/199M [00:07<00:10, 10.6MB/s]
 45%|████▍     | 89.1M/199M [00:07<00:10, 10.3MB/s]
 45%|████▌     | 90.2M/199M [00:07<00:10, 10.3MB/s]
 46%|████▌     | 91.2M/199M [00:08<00:10, 10.2MB/s]
 46%|████▋     | 92.3M/199M [00:08<00:10, 10.1MB/s]
 47%|████▋     | 94.4M/199M [00:08<00:09, 10.4MB/s]
 49%|████▊     | 96.5M/199M [00:08<00:09, 10.3MB/s]
 49%|████▉     | 97.5M/199M [00:08<00:09, 10.3MB/s]
 50%|████▉     | 98.6M/199M [00:08<00:09, 10.3MB/s]
 50%|█████     | 99.6M/199M [00:08<00:09, 10.2MB/s]
 51%|█████     | 102M/199M [00:09<00:08, 10.8MB/s] 
 52%|█████▏    | 104M/199M [00:09<00:09, 10.5MB/s]
 53%|█████▎    | 106M/199M [00:09<00:08, 10.5MB/s]
 54%|█████▍    | 107M/199M [00:09<00:08, 10.5MB/s]
 55%|█████▍    | 109M/199M [00:09<00:08, 10.9MB/s]
 56%|█████▌    | 111M/199M [00:09<00:08, 10.6MB/s]
 57%|█████▋    | 113M/199M [00:10<00:08, 10.5MB/s]
 58%|█████▊    | 115M/199M [00:10<00:07, 10.9MB/s]
 59%|█████▉    | 117M/199M [00:10<00:07, 10.6MB/s]
 60%|██████    | 120M/199M [00:10<00:07, 10.5MB/s]
 61%|██████    | 122M/199M [00:10<00:07, 10.7MB/s]
 62%|██████▏   | 124M/199M [00:11<00:06, 10.7MB/s]
 63%|██████▎   | 126M/199M [00:11<00:06, 10.6MB/s]
 64%|██████▍   | 128M/199M [00:11<00:06, 10.5MB/s]
 65%|██████▌   | 130M/199M [00:11<00:06, 10.8MB/s]
 66%|██████▋   | 132M/199M [00:11<00:06, 10.7MB/s]
 68%|██████▊   | 134M/199M [00:12<00:06, 10.6MB/s]
 69%|██████▊   | 136M/199M [00:12<00:07, 8.43MB/s]
 70%|██████▉   | 138M/199M [00:12<00:06, 9.60MB/s]
 71%|███████   | 141M/199M [00:12<00:06, 9.02MB/s]
 71%|███████   | 142M/199M [00:13<00:06, 8.60MB/s]
 72%|███████▏  | 143M/199M [00:13<00:06, 8.54MB/s]
 72%|███████▏  | 144M/199M [00:13<00:06, 8.53MB/s]
 73%|███████▎  | 145M/199M [00:13<00:06, 8.57MB/s]
 73%|███████▎  | 146M/199M [00:13<00:06, 8.58MB/s]
 74%|███████▍  | 147M/199M [00:13<00:06, 8.61MB/s]
 74%|███████▍  | 148M/199M [00:13<00:05, 8.69MB/s]
 75%|███████▍  | 149M/199M [00:13<00:05, 8.65MB/s]
 75%|███████▌  | 150M/199M [00:13<00:05, 8.69MB/s]
 76%|███████▌  | 151M/199M [00:14<00:05, 8.78MB/s]
 77%|███████▋  | 152M/199M [00:14<00:05, 8.85MB/s]
 77%|███████▋  | 153M/199M [00:14<00:05, 8.91MB/s]
 78%|███████▊  | 154M/199M [00:14<00:04, 8.96MB/s]
 78%|███████▊  | 155M/199M [00:14<00:04, 9.02MB/s]
 79%|███████▊  | 156M/199M [00:14<00:04, 9.16MB/s]
 79%|███████▉  | 157M/199M [00:14<00:04, 9.14MB/s]
 80%|███████▉  | 158M/199M [00:14<00:04, 9.18MB/s]
 80%|████████  | 159M/199M [00:15<00:04, 9.28MB/s]
 81%|████████  | 160M/199M [00:15<00:04, 9.23MB/s]
 81%|████████▏ | 161M/199M [00:15<00:04, 9.26MB/s]
 82%|████████▏ | 163M/199M [00:15<00:03, 9.27MB/s]
 82%|████████▏ | 164M/199M [00:15<00:03, 9.49MB/s]
 83%|████████▎ | 165M/199M [00:15<00:03, 9.43MB/s]
 84%|████████▍ | 167M/199M [00:15<00:03, 9.82MB/s]
 85%|████████▍ | 169M/199M [00:15<00:02, 10.1MB/s]
 85%|████████▌ | 170M/199M [00:16<00:02, 9.93MB/s]
 86%|████████▌ | 171M/199M [00:16<00:02, 9.94MB/s]
 87%|████████▋ | 172M/199M [00:16<00:02, 9.90MB/s]
 87%|████████▋ | 173M/199M [00:16<00:02, 9.94MB/s]
 88%|████████▊ | 174M/199M [00:16<00:02, 9.88MB/s]
 88%|████████▊ | 175M/199M [00:16<00:02, 9.90MB/s]
 89%|████████▉ | 177M/199M [00:16<00:02, 10.1MB/s]
 90%|█████████ | 179M/199M [00:17<00:01, 10.5MB/s]
 91%|█████████ | 180M/199M [00:17<00:01, 10.2MB/s]
 91%|█████████▏| 181M/199M [00:17<00:01, 10.2MB/s]
 92%|█████████▏| 182M/199M [00:17<00:01, 10.2MB/s]
 92%|█████████▏| 184M/199M [00:17<00:01, 10.2MB/s]
 93%|█████████▎| 186M/199M [00:17<00:01, 10.4MB/s]
 94%|█████████▍| 188M/199M [00:17<00:01, 10.5MB/s]
 95%|█████████▍| 189M/199M [00:17<00:00, 10.5MB/s]
 96%|█████████▌| 190M/199M [00:18<00:00, 10.4MB/s]
 96%|█████████▌| 191M/199M [00:18<00:00, 10.3MB/s]
 97%|█████████▋| 193M/199M [00:18<00:00, 10.6MB/s]
 98%|█████████▊| 195M/199M [00:18<00:00, 10.8MB/s]
 99%|█████████▉| 197M/199M [00:18<00:00, 10.5MB/s]
100%|█████████▉| 198M/199M [00:18<00:00, 10.4MB/s]
100%|██████████| 199M/199M [00:18<00:00, 10.5MB/s]
[2026/07/10 14:39:45] INFO     Verifying checksum...                                                          util.py:73
                      INFO     Checksum verified successfully!                                                util.py:76
                      INFO     Loading MovieLens20M...                                                   registry.py:185
[2026/07/10 14:39:52] INFO     Successfully loaded MovieLens20M!                                         registry.py:188
                      INFO     Canonicalizing raw data...                                         recsys_data_set.py:232
                      INFO     Dropping duplicate interactions...                                 recsys_data_set.py:252
                      INFO     Number of interactions before: 20000263                            recsys_data_set.py:253
[2026/07/10 14:39:54] INFO     Number of interactions after: 20000263                             recsys_data_set.py:257
                      INFO     Normalizing identifiers...                                         recsys_data_set.py:264
[2026/07/10 14:39:55] INFO     Done.                                                              recsys_data_set.py:270
                      INFO     Normalizing timestamps...                                          recsys_data_set.py:278
[2026/07/10 14:40:00] INFO     Done.                                                              recsys_data_set.py:293
                      INFO     Canonicalized raw data in 8.4865s.                                 recsys_data_set.py:243
                      INFO     Saving to /root/.omnirec/data/canon/MovieLens20M.csv...            recsys_data_set.py:244
Loaded dataset summary:
RecSysDataSet(name='MovieLens20M', variant='RawData', interactions=20000263, columns=4, lineage_steps=0)
Total interactions: 20000263
Min rating: 0.5
Max rating: 5.0
[2026/07/10 14:40:23] INFO     Making data set implicit with threshold 4.                      feedback_conversion.py:21
                      INFO     Minimum rating: 0.5                                             feedback_conversion.py:24
                      INFO     Maximum rating: 5.0                                             feedback_conversion.py:25
                      INFO     Number of interactions before: 20000263                         feedback_conversion.py:26
                      INFO     Number of interactions after: 9995410                           feedback_conversion.py:44
Traceback (most recent call last):
  File "/app/out/workspace/runfile.py", line 96, in <module>
    main()
  File "/app/out/workspace/runfile.py", line 42, in main
    dataset = pipeline.process(dataset)
              ^^^^^^^^^^^^^^^^^^^^^^^^^
  File "/app/.venv/lib/python3.12/site-packages/omnirec/preprocess/pipe.py", line 35, in process
    data = self._steps[-1].process(data)
           ^^^^^^^^^^^^^^^^^^^^^^^^^^^^^
  File "/app/.venv/lib/python3.12/site-packages/omnirec/preprocess/base.py", line 84, in process
    new_ds = self._process(dataset)
             ^^^^^^^^^^^^^^^^^^^^^^
  File "/app/.venv/lib/python3.12/site-packages/omnirec/preprocess/split.py", line 49, in _process
    train, test = train_test_split(
                  ^^^^^^^^^^^^^^^^^
  File "/app/.venv/lib/python3.12/site-packages/sklearn/utils/_param_validation.py", line 218, in wrapper
    return func(*args, **kwargs)
           ^^^^^^^^^^^^^^^^^^^^^
  File "/app/.venv/lib/python3.12/site-packages/sklearn/model_selection/_split.py", line 2919, in train_test_split
    n_train, n_test = _validate_shuffle_split(
                      ^^^^^^^^^^^^^^^^^^^^^^^^
  File "/app/.venv/lib/python3.12/site-packages/sklearn/model_selection/_split.py", line 2499, in _validate_shuffle_split
    raise ValueError(
ValueError: With n_samples=1, test_size=0.15 and train_size=None, the resulting train set will be empty. Adjust any of the aforementioned parameters.
Program crashed with exception (see above) after a minute!