/app/.venv/lib/python3.12/site-packages/joblib/_multiprocessing_helpers.py:44: UserWarning: [Errno 28] No space left on device.  joblib will operate in serial mode
  warnings.warn("%s.  joblib will operate in serial mode" % (e,))
[2026/07/10 15:14:25] INFO     Canonicalized data set already exists, skipping download and       recsys_data_set.py:205
                               canonicalization.                                                                        
Loaded dataset:
RecSysDataSet(name='MovieLens1M', variant='RawData', interactions=1000209, columns=4, lineage_steps=0)
Num interactions: 1000209
Rating range: 1 5
                      INFO     Making data set implicit with threshold 4.                      feedback_conversion.py:21
                      INFO     Minimum rating: 1                                               feedback_conversion.py:24
                      INFO     Maximum rating: 5                                               feedback_conversion.py:25
                      INFO     Number of interactions before: 1000209                          feedback_conversion.py:26
                      INFO     Number of interactions after: 575281                            feedback_conversion.py:44
                      INFO     Pruning data set to 5-core.                                            core_pruning.py:19
                      INFO     Number of interactions before: 575281                                  core_pruning.py:20
                      INFO     Number of interactions after: 574376                                   core_pruning.py:63
[2026/07/10 15:14:29] INFO     Creating env 'RecBole_env' at /root/.omnirec/data/envs/RecBole_env             envs.py:51
                      INFO     Installing packages...                                                         envs.py:57
[2026/07/10 15:18:23] INFO     Done.                                                                          envs.py:63
                      INFO     Starting runner...                                                     coordinator.py:272
[2026/07/10 15:18:31] CRITICAL Exception occurred while starting runner: not enough values to unpack  coordinator.py:288
                               (expected 2, got 1)                                                                      
                      CRITICAL Stopping runner...                                                     coordinator.py:445
                      INFO     Stopping runner...                                                     coordinator.py:445
Program crashed with exception (see above) after 4 minutes!