Loading MovieLens100K with OmniRec...
[2026/06/03 11:53:14] INFO     Trying to download MovieLens100K from                                     registry.py:138
                               https://files.grouplens.org/datasets/movielens/ml-100k.zip...                            

  0%|          | 0.00/4.92M [00:00<?, ?B/s]
 21%|██▏       | 1.05M/4.92M [00:00<00:02, 1.51MB/s]
 43%|████▎     | 2.10M/4.92M [00:00<00:00, 2.97MB/s]
 85%|████████▌ | 4.19M/4.92M [00:00<00:00, 5.95MB/s]
100%|██████████| 4.92M/4.92M [00:01<00:00, 4.91MB/s]
[2026/06/03 11:53:15] INFO     Verifying checksum...                                                          util.py:73
                      INFO     Checksum verified successfully!                                                util.py:76
                      INFO     Loading MovieLens100K...                                                  registry.py:185
                      INFO     Successfully loaded MovieLens100K!                                        registry.py:188
                      INFO     Canonicalizing raw data...                                         recsys_data_set.py:232
                      INFO     Dropping duplicate interactions...                                 recsys_data_set.py:252
                      INFO     Number of interactions before: 100000                              recsys_data_set.py:253
                      INFO     Number of interactions after: 100000                               recsys_data_set.py:257
                      INFO     Normalizing identifiers...                                         recsys_data_set.py:264
                      INFO     Done.                                                              recsys_data_set.py:270
                      INFO     Normalizing timestamps...                                          recsys_data_set.py:278
                      INFO     Done.                                                              recsys_data_set.py:293
                      INFO     Canonicalized raw data in 0.0238s.                                 recsys_data_set.py:243
                      INFO     Saving to /root/.omnirec/data/canon/MovieLens100K.csv...           recsys_data_set.py:244
RecSysDataSet(name='MovieLens100K', variant='RawData', interactions=100000, columns=4, lineage_steps=0)
RecSysDataSet: MovieLens100K
  Variant: RawData
  Interactions: 100000
  Columns: 4
  Metadata:
    Name: MovieLens100K
    Canonical path: /root/.omnirec/data/canon/MovieLens100K.csv
    Raw dir: unknown
  Lineage steps: 0
  Lineage:
    No preprocessing lineage recorded.

=== Preprocessing for seed 11 (OmniRec random state=11) ===
                      INFO     Making data set implicit with threshold 1.                      feedback_conversion.py:21
                      INFO     Minimum rating: 4                                               feedback_conversion.py:24
                      INFO     Maximum rating: 5                                               feedback_conversion.py:25
                      INFO     Number of interactions before: 55375                            feedback_conversion.py:26
                      INFO     Number of interactions after: 55375                             feedback_conversion.py:44
                      INFO     Pruning data set to 5-core.                                            core_pruning.py:19
                      INFO     Number of interactions before: 55375                                   core_pruning.py:20
                      INFO     Number of interactions after: 54413                                    core_pruning.py:63
Saved seed-specific dataset to: /app/out/workspace/working/ml100k_implicit_5core_seed11.rsds

=== Preprocessing for seed 22 (OmniRec random state=22) ===
                      INFO     Making data set implicit with threshold 1.                      feedback_conversion.py:21
                      INFO     Minimum rating: 4                                               feedback_conversion.py:24
                      INFO     Maximum rating: 5                                               feedback_conversion.py:25
                      INFO     Number of interactions before: 55375                            feedback_conversion.py:26
                      INFO     Number of interactions after: 55375                             feedback_conversion.py:44
                      INFO     Pruning data set to 5-core.                                            core_pruning.py:19
                      INFO     Number of interactions before: 55375                                   core_pruning.py:20
                      INFO     Number of interactions after: 54413                                    core_pruning.py:63
Saved seed-specific dataset to: /app/out/workspace/working/ml100k_implicit_5core_seed22.rsds

=== Preprocessing for seed 33 (OmniRec random state=33) ===
                      INFO     Making data set implicit with threshold 1.                      feedback_conversion.py:21
                      INFO     Minimum rating: 4                                               feedback_conversion.py:24
                      INFO     Maximum rating: 5                                               feedback_conversion.py:25
                      INFO     Number of interactions before: 55375                            feedback_conversion.py:26
                      INFO     Number of interactions after: 55375                             feedback_conversion.py:44
                      INFO     Pruning data set to 5-core.                                            core_pruning.py:19
                      INFO     Number of interactions before: 55375                                   core_pruning.py:20
[2026/06/03 11:53:16] INFO     Number of interactions after: 54413                                    core_pruning.py:63
Saved seed-specific dataset to: /app/out/workspace/working/ml100k_implicit_5core_seed33.rsds

=== Preprocessing for seed 44 (OmniRec random state=44) ===
                      INFO     Making data set implicit with threshold 1.                      feedback_conversion.py:21
                      INFO     Minimum rating: 4                                               feedback_conversion.py:24
                      INFO     Maximum rating: 5                                               feedback_conversion.py:25
                      INFO     Number of interactions before: 55375                            feedback_conversion.py:26
                      INFO     Number of interactions after: 55375                             feedback_conversion.py:44
                      INFO     Pruning data set to 5-core.                                            core_pruning.py:19
                      INFO     Number of interactions before: 55375                                   core_pruning.py:20
                      INFO     Number of interactions after: 54413                                    core_pruning.py:63
Saved seed-specific dataset to: /app/out/workspace/working/ml100k_implicit_5core_seed44.rsds

=== Preprocessing for seed 55 (OmniRec random state=55) ===
                      INFO     Making data set implicit with threshold 1.                      feedback_conversion.py:21
                      INFO     Minimum rating: 4                                               feedback_conversion.py:24
                      INFO     Maximum rating: 5                                               feedback_conversion.py:25
                      INFO     Number of interactions before: 55375                            feedback_conversion.py:26
                      INFO     Number of interactions after: 55375                             feedback_conversion.py:44
                      INFO     Pruning data set to 5-core.                                            core_pruning.py:19
                      INFO     Number of interactions before: 55375                                   core_pruning.py:20
                      INFO     Number of interactions after: 54413                                    core_pruning.py:63
Saved seed-specific dataset to: /app/out/workspace/working/ml100k_implicit_5core_seed55.rsds

Prepared datasets:
  seed=11: /app/out/workspace/working/ml100k_implicit_5core_seed11.rsds
  seed=22: /app/out/workspace/working/ml100k_implicit_5core_seed22.rsds
  seed=33: /app/out/workspace/working/ml100k_implicit_5core_seed33.rsds
  seed=44: /app/out/workspace/working/ml100k_implicit_5core_seed44.rsds
  seed=55: /app/out/workspace/working/ml100k_implicit_5core_seed55.rsds

Running OmniRec experiments for ALS, ItemKNN, and Pop...
                      INFO     Server key file missing!                                                       cert.py:81
                      INFO     Server certificate file missing!                                               cert.py:86
                      INFO     Generating new Side.Server key and certificate...                              cert.py:47
                      INFO     Client key file missing!                                                       cert.py:81
                      INFO     Client certificate file missing!                                               cert.py:86
                      INFO     Generating new Side.Client key and certificate...                              cert.py:47
                      INFO     Creating env 'LensKit_env' at /root/.omnirec/data/envs/LensKit_env             envs.py:51
[2026/06/03 11:53:19] INFO     Installing packages...                                                         envs.py:57
[2026/06/03 11:56:42] INFO     Done.                                                                              envs.py:63
                      INFO     Starting runner...                                                         coordinator.py:272
[2026/06/03 11:56:46] INFO     Runner started with pid: 499                                               coordinator.py:297
                      INFO     Connecting to runner...                                                    coordinator.py:135
                      INFO     Running phase 'Fit' for MovieLens100K/ImplicitMFScorer                     coordinator.py:402
[2026/06/03 11:56:56] INFO     Running phase 'Predict' for MovieLens100K/ImplicitMFScorer                 coordinator.py:402
[2026/06/03 11:57:06] INFO     Running phase 'Evaluate' for MovieLens100K/ImplicitMFScorer                coordinator.py:402
[2026/06/03 11:57:09] INFO     MovieLens100K/ImplicitMFScorer done!                                       coordinator.py:373
                      INFO     All phases for MovieLens100K/ImplicitMFScorer already complete,            coordinator.py:375
                               skipping...                                                                                  
                      INFO     All phases for MovieLens100K/ImplicitMFScorer already complete,            coordinator.py:375
                               skipping...                                                                                  
                      INFO     All phases for MovieLens100K/ImplicitMFScorer already complete,            coordinator.py:375
                               skipping...                                                                                  
                      INFO     All phases for MovieLens100K/ImplicitMFScorer already complete,            coordinator.py:375
                               skipping...                                                                                  
                      INFO     Stopping runner...                                                         coordinator.py:445
                      INFO     Reusing existing env 'LensKit_env' at /root/.omnirec/data/envs/LensKit_env         envs.py:48
                      INFO     Starting runner...                                                         coordinator.py:272
[2026/06/03 11:57:11] INFO     Runner started with pid: 683                                               coordinator.py:297
                      INFO     Connecting to runner...                                                    coordinator.py:135
                      INFO     Running phase 'Fit' for MovieLens100K/ItemKNNScorer                        coordinator.py:402
[2026/06/03 11:57:21] INFO     Running phase 'Predict' for MovieLens100K/ItemKNNScorer                    coordinator.py:402
[2026/06/03 11:57:31] INFO     Running phase 'Evaluate' for MovieLens100K/ItemKNNScorer                   coordinator.py:402
[2026/06/03 11:57:33] INFO     MovieLens100K/ItemKNNScorer done!                                          coordinator.py:373
                      INFO     All phases for MovieLens100K/ItemKNNScorer already complete, skipping...   coordinator.py:375
                      INFO     All phases for MovieLens100K/ItemKNNScorer already complete, skipping...   coordinator.py:375
[2026/06/03 11:57:34] INFO     All phases for MovieLens100K/ItemKNNScorer already complete, skipping...   coordinator.py:375
                      INFO     All phases for MovieLens100K/ItemKNNScorer already complete, skipping...   coordinator.py:375
                      INFO     Stopping runner...                                                         coordinator.py:445
                      INFO     Reusing existing env 'LensKit_env' at /root/.omnirec/data/envs/LensKit_env         envs.py:48
                      INFO     Starting runner...                                                         coordinator.py:272
[2026/06/03 11:57:35] INFO     Runner started with pid: 868                                               coordinator.py:297
                      INFO     Connecting to runner...                                                    coordinator.py:135
                      INFO     Running phase 'Fit' for MovieLens100K/PopScorer                            coordinator.py:402
[2026/06/03 11:57:45] INFO     Running phase 'Predict' for MovieLens100K/PopScorer                        coordinator.py:402
[2026/06/03 11:57:55] INFO     Running phase 'Evaluate' for MovieLens100K/PopScorer                       coordinator.py:402
[2026/06/03 11:57:58] INFO     MovieLens100K/PopScorer done!                                              coordinator.py:373
                      INFO     All phases for MovieLens100K/PopScorer already complete, skipping...       coordinator.py:375
                      INFO     All phases for MovieLens100K/PopScorer already complete, skipping...       coordinator.py:375
                      INFO     All phases for MovieLens100K/PopScorer already complete, skipping...       coordinator.py:375
                      INFO     All phases for MovieLens100K/PopScorer already complete, skipping...       coordinator.py:375
                      INFO     Stopping runner...                                                         coordinator.py:445
                               MovieLens100K-2c020eec: Evaluation Results                                
┏━━━━━━━━━━━━━━━━━━━━━━━━━━━━━━━━━━━━━━┳━━━━━━━━━━━━━━━━━━━━┳━━━━━━━━━━━━━━━━━━━━━┳━━━━━━━━━━━━━━━━━━━━━┓
┃ Algorithm                            ┃ HR@10              ┃ NDCG@10             ┃ Recall@10           ┃
┡━━━━━━━━━━━━━━━━━━━━━━━━━━━━━━━━━━━━━━╇━━━━━━━━━━━━━━━━━━━━╇━━━━━━━━━━━━━━━━━━━━━╇━━━━━━━━━━━━━━━━━━━━━┩
│ LensKit.ImplicitMFScorer-f0dd7ecb-55 │ 0.6015538290788013 │ 0.11093347509211986 │ 0.17361001004175217 │
│ LensKit.ItemKNNScorer-5f816cf5-55    │ 0.6681465038845728 │ 0.14452198839577415 │ 0.21368276870496597 │
│ LensKit.PopScorer-f4aa5539-55        │ 0.5260821309655938 │ 0.0944719104217089  │ 0.12924220002466397 │
└──────────────────────────────────────┴────────────────────┴─────────────────────┴─────────────────────┘

Collecting and aggregating results...
Warning: could not infer seed from dataset id MovieLens100K-2c020eec; skipping.
Traceback (most recent call last):
  File "/app/out/workspace/runfile.py", line 182, in <module>
    summarize_results(evaluator, SEEDS, results_dir)
  File "/app/out/workspace/runfile.py", line 94, in summarize_results
    raise RuntimeError("No per-seed rows could be assembled from OmniRec results.")
RuntimeError: No per-seed rows could be assembled from OmniRec results.
Program crashed with exception (see above) after 4 minutes!