[2026/07/10 17:14:16] INFO     Canonicalized data set already exists, skipping download and       recsys_data_set.py:205
                               canonicalization.                                                                        
Loaded dataset
RecSysDataSet(name='MovieLens1M', variant='RawData', interactions=1000209, columns=4, lineage_steps=0)
Interactions: 1000209
Min rating: 1
Max rating: 5
                      INFO     Making data set implicit with threshold 4.                      feedback_conversion.py:21
                      INFO     Minimum rating: 1                                               feedback_conversion.py:24
                      INFO     Maximum rating: 5                                               feedback_conversion.py:25
                      INFO     Number of interactions before: 1000209                          feedback_conversion.py:26
                      INFO     Number of interactions after: 575281                            feedback_conversion.py:44
                      INFO     Pruning data set to 5-core.                                            core_pruning.py:19
                      INFO     Number of interactions before: 575281                                  core_pruning.py:20
[2026/07/10 17:14:17] INFO     Number of interactions after: 574376                                   core_pruning.py:63
Traceback (most recent call last):
  File "/app/out/workspace/runfile.py", line 84, in <module>
    main()
  File "/app/out/workspace/runfile.py", line 55, in main
    dataset = build_dataset()
              ^^^^^^^^^^^^^^^
  File "/app/out/workspace/runfile.py", line 37, in build_dataset
    dataset = pipe.process(dataset)
              ^^^^^^^^^^^^^^^^^^^^^
  File "/app/.venv/lib/python3.12/site-packages/omnirec/preprocess/pipe.py", line 35, in process
    data = self._steps[-1].process(data)
           ^^^^^^^^^^^^^^^^^^^^^^^^^^^^^
  File "/app/.venv/lib/python3.12/site-packages/omnirec/preprocess/base.py", line 84, in process
    new_ds = self._process(dataset)
             ^^^^^^^^^^^^^^^^^^^^^^
  File "/app/.venv/lib/python3.12/site-packages/omnirec/preprocess/split.py", line 52, in _process
    train, valid = train_test_split(
                   ^^^^^^^^^^^^^^^^^
  File "/app/.venv/lib/python3.12/site-packages/sklearn/utils/_param_validation.py", line 208, in wrapper
    validate_parameter_constraints(
  File "/app/.venv/lib/python3.12/site-packages/sklearn/utils/_param_validation.py", line 98, in validate_parameter_constraints
    raise InvalidParameterError(
sklearn.utils._param_validation.InvalidParameterError: The 'test_size' parameter of train_test_split must be a float in the range (0.0, 1.0), an int in the range [1, inf) or None. Got 1.0 instead.
Program crashed with exception (see above) after a second!