
===== Running seed 7 =====
[2026/06/03 12:22:10] INFO     Canonicalized data set already exists, skipping download and           recsys_data_set.py:205
                               canonicalization.                                                                            
Loaded dataset: RecSysDataSet(name='MovieLens100K', variant='RawData', interactions=100000, columns=4, lineage_steps=0)
                      INFO     Making data set implicit with threshold 3.                          feedback_conversion.py:21
                      INFO     Minimum rating: 1                                                   feedback_conversion.py:24
                      INFO     Maximum rating: 5                                                   feedback_conversion.py:25
                      INFO     Number of interactions before: 100000                               feedback_conversion.py:26
                      INFO     Number of interactions after: 82520                                 feedback_conversion.py:44
                      INFO     Pruning data set to 5-core.                                                core_pruning.py:19
                      INFO     Number of interactions before: 82520                                       core_pruning.py:20
                      INFO     Number of interactions after: 81697                                        core_pruning.py:63
Split sizes for seed 7: train=56419 (0.6906), valid=12579 (0.1540), test=12699 (0.1554)
                      INFO     Reusing existing env 'LensKit_env' at /root/.omnirec/data/envs/LensKit_env         envs.py:48
                      INFO     Starting runner...                                                         coordinator.py:272
[2026/06/03 12:22:12] INFO     Runner started with pid: 9009                                              coordinator.py:297
                      INFO     Connecting to runner...                                                    coordinator.py:135
                      INFO     Running phase 'Fit' for MovieLens100K/ImplicitMFScorer                     coordinator.py:402
[2026/06/03 12:22:22] INFO     Running phase 'Predict' for MovieLens100K/ImplicitMFScorer                 coordinator.py:402
[2026/06/03 12:22:32] INFO     Running phase 'Evaluate' for MovieLens100K/ImplicitMFScorer                coordinator.py:402
[2026/06/03 12:22:35] INFO     MovieLens100K/ImplicitMFScorer done!                                       coordinator.py:373
                      INFO     Stopping runner...                                                         coordinator.py:445
                      INFO     Reusing existing env 'LensKit_env' at /root/.omnirec/data/envs/LensKit_env         envs.py:48
                      INFO     Starting runner...                                                         coordinator.py:272
[2026/06/03 12:22:37] INFO     Runner started with pid: 9193                                              coordinator.py:297
                      INFO     Connecting to runner...                                                    coordinator.py:135
                      INFO     Running phase 'Fit' for MovieLens100K/ItemKNNScorer                        coordinator.py:402
[2026/06/03 12:22:47] INFO     Running phase 'Predict' for MovieLens100K/ItemKNNScorer                    coordinator.py:402
[2026/06/03 12:22:57] INFO     Running phase 'Evaluate' for MovieLens100K/ItemKNNScorer                   coordinator.py:402
[2026/06/03 12:22:59] INFO     MovieLens100K/ItemKNNScorer done!                                          coordinator.py:373
                      INFO     Stopping runner...                                                         coordinator.py:445
                      INFO     Reusing existing env 'LensKit_env' at /root/.omnirec/data/envs/LensKit_env         envs.py:48
                      INFO     Starting runner...                                                         coordinator.py:272
[2026/06/03 12:23:01] INFO     Runner started with pid: 9378                                              coordinator.py:297
                      INFO     Connecting to runner...                                                    coordinator.py:135
                      INFO     Running phase 'Fit' for MovieLens100K/PopScorer                            coordinator.py:402
[2026/06/03 12:23:11] INFO     Running phase 'Predict' for MovieLens100K/PopScorer                        coordinator.py:402
[2026/06/03 12:23:21] INFO     Running phase 'Evaluate' for MovieLens100K/PopScorer                       coordinator.py:402
[2026/06/03 12:23:24] INFO     MovieLens100K/PopScorer done!                                              coordinator.py:373
                      INFO     Stopping runner...                                                         coordinator.py:445
                               MovieLens100K-08d57673: Evaluation Results                               
┏━━━━━━━━━━━━━━━━━━━━━━━━━━━━━━━━━━━━━┳━━━━━━━━━━━━━━━━━━━━┳━━━━━━━━━━━━━━━━━━━━━┳━━━━━━━━━━━━━━━━━━━━━┓
┃ Algorithm                           ┃ HR@10              ┃ NDCG@10             ┃ Recall@10           ┃
┡━━━━━━━━━━━━━━━━━━━━━━━━━━━━━━━━━━━━━╇━━━━━━━━━━━━━━━━━━━━╇━━━━━━━━━━━━━━━━━━━━━╇━━━━━━━━━━━━━━━━━━━━━┩
│ LensKit.ImplicitMFScorer-f0dd7ecb-7 │ 0.7476139978791092 │ 0.14036260538340836 │ 0.2000353481795682  │
│ LensKit.ItemKNNScorer-c3d66610-7    │ 0.7879109225874867 │ 0.1807754740010039  │ 0.23315112188388945 │
│ LensKit.PopScorer-f4aa5539-7        │ 0.647932131495228  │ 0.1225653741083829  │ 0.1520249457152954  │
└─────────────────────────────────────┴────────────────────┴─────────────────────┴─────────────────────┘
Seed 7 | ALS | NDCG@10=0.1404 Recall@10=0.2000 HR@10=0.7476
Seed 7 | ItemKNN | NDCG@10=0.1808 Recall@10=0.2332 HR@10=0.7879
Seed 7 | Pop | NDCG@10=0.1226 Recall@10=0.1520 HR@10=0.6479

===== Running seed 19 =====
                      INFO     Canonicalized data set already exists, skipping download and           recsys_data_set.py:205
                               canonicalization.                                                                            
Loaded dataset: RecSysDataSet(name='MovieLens100K', variant='RawData', interactions=100000, columns=4, lineage_steps=0)
                      INFO     Making data set implicit with threshold 3.                          feedback_conversion.py:21
                      INFO     Minimum rating: 1                                                   feedback_conversion.py:24
                      INFO     Maximum rating: 5                                                   feedback_conversion.py:25
                      INFO     Number of interactions before: 100000                               feedback_conversion.py:26
                      INFO     Number of interactions after: 82520                                 feedback_conversion.py:44
                      INFO     Pruning data set to 5-core.                                                core_pruning.py:19
                      INFO     Number of interactions before: 82520                                       core_pruning.py:20
                      INFO     Number of interactions after: 81697                                        core_pruning.py:63
Split sizes for seed 19: train=56419 (0.6906), valid=12579 (0.1540), test=12699 (0.1554)
[2026/06/03 12:23:25] INFO     Reusing existing env 'LensKit_env' at /root/.omnirec/data/envs/LensKit_env         envs.py:48
                      INFO     Starting runner...                                                         coordinator.py:272
[2026/06/03 12:23:26] INFO     Runner started with pid: 9538                                              coordinator.py:297
                      INFO     Connecting to runner...                                                    coordinator.py:135
                      INFO     Running phase 'Fit' for MovieLens100K/ImplicitMFScorer                     coordinator.py:402
[2026/06/03 12:23:36] INFO     Running phase 'Predict' for MovieLens100K/ImplicitMFScorer                 coordinator.py:402
[2026/06/03 12:23:46] INFO     Running phase 'Evaluate' for MovieLens100K/ImplicitMFScorer                coordinator.py:402
[2026/06/03 12:23:49] INFO     MovieLens100K/ImplicitMFScorer done!                                       coordinator.py:373
                      INFO     Stopping runner...                                                         coordinator.py:445
                      INFO     Reusing existing env 'LensKit_env' at /root/.omnirec/data/envs/LensKit_env         envs.py:48
                      INFO     Starting runner...                                                         coordinator.py:272
[2026/06/03 12:23:51] INFO     Runner started with pid: 9722                                              coordinator.py:297
                      INFO     Connecting to runner...                                                    coordinator.py:135
                      INFO     Running phase 'Fit' for MovieLens100K/ItemKNNScorer                        coordinator.py:402
[2026/06/03 12:24:01] INFO     Running phase 'Predict' for MovieLens100K/ItemKNNScorer                    coordinator.py:402
[2026/06/03 12:24:11] INFO     Running phase 'Evaluate' for MovieLens100K/ItemKNNScorer                   coordinator.py:402
[2026/06/03 12:24:14] INFO     MovieLens100K/ItemKNNScorer done!                                          coordinator.py:373
                      INFO     Stopping runner...                                                         coordinator.py:445
                      INFO     Reusing existing env 'LensKit_env' at /root/.omnirec/data/envs/LensKit_env         envs.py:48
                      INFO     Starting runner...                                                         coordinator.py:272
[2026/06/03 12:24:15] INFO     Runner started with pid: 9907                                              coordinator.py:297
                      INFO     Connecting to runner...                                                    coordinator.py:135
                      INFO     Running phase 'Fit' for MovieLens100K/PopScorer                            coordinator.py:402
[2026/06/03 12:24:25] INFO     Running phase 'Predict' for MovieLens100K/PopScorer                        coordinator.py:402
[2026/06/03 12:24:35] INFO     Running phase 'Evaluate' for MovieLens100K/PopScorer                       coordinator.py:402
[2026/06/03 12:24:38] INFO     MovieLens100K/PopScorer done!                                              coordinator.py:373
                      INFO     Stopping runner...                                                         coordinator.py:445
                               MovieLens100K-08d57673: Evaluation Results                                
┏━━━━━━━━━━━━━━━━━━━━━━━━━━━━━━━━━━━━━━┳━━━━━━━━━━━━━━━━━━━━┳━━━━━━━━━━━━━━━━━━━━━┳━━━━━━━━━━━━━━━━━━━━━┓
┃ Algorithm                            ┃ HR@10              ┃ NDCG@10             ┃ Recall@10           ┃
┡━━━━━━━━━━━━━━━━━━━━━━━━━━━━━━━━━━━━━━╇━━━━━━━━━━━━━━━━━━━━╇━━━━━━━━━━━━━━━━━━━━━╇━━━━━━━━━━━━━━━━━━━━━┩
│ LensKit.ImplicitMFScorer-f0dd7ecb-19 │ 0.7348886532343585 │ 0.13970551608453532 │ 0.19221203858001265 │
│ LensKit.ItemKNNScorer-c3d66610-19    │ 0.750795334040297  │ 0.17889927676996628 │ 0.2250286151929839  │
│ LensKit.PopScorer-f4aa5539-19        │ 0.6256627783669141 │ 0.11908049734056257 │ 0.14144279486273115 │
└──────────────────────────────────────┴────────────────────┴─────────────────────┴─────────────────────┘
Seed 19 | ALS | NDCG@10=0.1397 Recall@10=0.1922 HR@10=0.7349
Seed 19 | ItemKNN | NDCG@10=0.1789 Recall@10=0.2250 HR@10=0.7508
Seed 19 | Pop | NDCG@10=0.1191 Recall@10=0.1414 HR@10=0.6257

===== Running seed 42 =====
                      INFO     Canonicalized data set already exists, skipping download and           recsys_data_set.py:205
                               canonicalization.                                                                            
Loaded dataset: RecSysDataSet(name='MovieLens100K', variant='RawData', interactions=100000, columns=4, lineage_steps=0)
                      INFO     Making data set implicit with threshold 3.                          feedback_conversion.py:21
                      INFO     Minimum rating: 1                                                   feedback_conversion.py:24
                      INFO     Maximum rating: 5                                                   feedback_conversion.py:25
                      INFO     Number of interactions before: 100000                               feedback_conversion.py:26
                      INFO     Number of interactions after: 82520                                 feedback_conversion.py:44
                      INFO     Pruning data set to 5-core.                                                core_pruning.py:19
                      INFO     Number of interactions before: 82520                                       core_pruning.py:20
                      INFO     Number of interactions after: 81697                                        core_pruning.py:63
Split sizes for seed 42: train=56419 (0.6906), valid=12579 (0.1540), test=12699 (0.1554)
[2026/06/03 12:24:39] INFO     Reusing existing env 'LensKit_env' at /root/.omnirec/data/envs/LensKit_env         envs.py:48
                      INFO     Starting runner...                                                         coordinator.py:272
[2026/06/03 12:24:40] INFO     Runner started with pid: 10067                                             coordinator.py:297
                      INFO     Connecting to runner...                                                    coordinator.py:135
[2026/06/03 12:24:41] INFO     Running phase 'Fit' for MovieLens100K/ImplicitMFScorer                     coordinator.py:402
[2026/06/03 12:24:51] INFO     Running phase 'Predict' for MovieLens100K/ImplicitMFScorer                 coordinator.py:402
[2026/06/03 12:25:01] INFO     Running phase 'Evaluate' for MovieLens100K/ImplicitMFScorer                coordinator.py:402
[2026/06/03 12:25:03] INFO     MovieLens100K/ImplicitMFScorer done!                                       coordinator.py:373
                      INFO     Stopping runner...                                                         coordinator.py:445
                      INFO     Reusing existing env 'LensKit_env' at /root/.omnirec/data/envs/LensKit_env         envs.py:48
                      INFO     Starting runner...                                                         coordinator.py:272
[2026/06/03 12:25:05] INFO     Runner started with pid: 10251                                             coordinator.py:297
                      INFO     Connecting to runner...                                                    coordinator.py:135
                      INFO     Running phase 'Fit' for MovieLens100K/ItemKNNScorer                        coordinator.py:402
[2026/06/03 12:25:15] INFO     Running phase 'Predict' for MovieLens100K/ItemKNNScorer                    coordinator.py:402
[2026/06/03 12:25:25] INFO     Running phase 'Evaluate' for MovieLens100K/ItemKNNScorer                   coordinator.py:402
[2026/06/03 12:25:28] INFO     MovieLens100K/ItemKNNScorer done!                                          coordinator.py:373
                      INFO     Stopping runner...                                                         coordinator.py:445
                      INFO     Reusing existing env 'LensKit_env' at /root/.omnirec/data/envs/LensKit_env         envs.py:48
                      INFO     Starting runner...                                                         coordinator.py:272
[2026/06/03 12:25:29] INFO     Runner started with pid: 10436                                             coordinator.py:297
                      INFO     Connecting to runner...                                                    coordinator.py:135
                      INFO     Running phase 'Fit' for MovieLens100K/PopScorer                            coordinator.py:402
[2026/06/03 12:25:39] INFO     Running phase 'Predict' for MovieLens100K/PopScorer                        coordinator.py:402
[2026/06/03 12:25:49] INFO     Running phase 'Evaluate' for MovieLens100K/PopScorer                       coordinator.py:402
[2026/06/03 12:25:52] INFO     MovieLens100K/PopScorer done!                                              coordinator.py:373
                      INFO     Stopping runner...                                                         coordinator.py:445
                               MovieLens100K-08d57673: Evaluation Results                                
┏━━━━━━━━━━━━━━━━━━━━━━━━━━━━━━━━━━━━━━┳━━━━━━━━━━━━━━━━━━━━┳━━━━━━━━━━━━━━━━━━━━━┳━━━━━━━━━━━━━━━━━━━━━┓
┃ Algorithm                            ┃ HR@10              ┃ NDCG@10             ┃ Recall@10           ┃
┡━━━━━━━━━━━━━━━━━━━━━━━━━━━━━━━━━━━━━━╇━━━━━━━━━━━━━━━━━━━━╇━━━━━━━━━━━━━━━━━━━━━╇━━━━━━━━━━━━━━━━━━━━━┩
│ LensKit.ImplicitMFScorer-f0dd7ecb-42 │ 0.71898197242842   │ 0.13274787187347536 │ 0.18866165059166073 │
│ LensKit.ItemKNNScorer-c3d66610-42    │ 0.7454931071049841 │ 0.17561384032793625 │ 0.22137512834755643 │
│ LensKit.PopScorer-f4aa5539-42        │ 0.6150583244962884 │ 0.12108726354695216 │ 0.14531678701880174 │
└──────────────────────────────────────┴────────────────────┴─────────────────────┴─────────────────────┘
Seed 42 | ALS | NDCG@10=0.1327 Recall@10=0.1887 HR@10=0.7190
Seed 42 | ItemKNN | NDCG@10=0.1756 Recall@10=0.2214 HR@10=0.7455
Seed 42 | Pop | NDCG@10=0.1211 Recall@10=0.1453 HR@10=0.6151

===== Running seed 123 =====
                      INFO     Canonicalized data set already exists, skipping download and           recsys_data_set.py:205
                               canonicalization.                                                                            
Loaded dataset: RecSysDataSet(name='MovieLens100K', variant='RawData', interactions=100000, columns=4, lineage_steps=0)
                      INFO     Making data set implicit with threshold 3.                          feedback_conversion.py:21
                      INFO     Minimum rating: 1                                                   feedback_conversion.py:24
                      INFO     Maximum rating: 5                                                   feedback_conversion.py:25
                      INFO     Number of interactions before: 100000                               feedback_conversion.py:26
                      INFO     Number of interactions after: 82520                                 feedback_conversion.py:44
                      INFO     Pruning data set to 5-core.                                                core_pruning.py:19
                      INFO     Number of interactions before: 82520                                       core_pruning.py:20
                      INFO     Number of interactions after: 81697                                        core_pruning.py:63
Split sizes for seed 123: train=56419 (0.6906), valid=12579 (0.1540), test=12699 (0.1554)
[2026/06/03 12:25:53] INFO     Reusing existing env 'LensKit_env' at /root/.omnirec/data/envs/LensKit_env         envs.py:48
                      INFO     Starting runner...                                                         coordinator.py:272
[2026/06/03 12:25:55] INFO     Runner started with pid: 10596                                             coordinator.py:297
                      INFO     Connecting to runner...                                                    coordinator.py:135
                      INFO     Running phase 'Fit' for MovieLens100K/ImplicitMFScorer                     coordinator.py:402
[2026/06/03 12:26:05] INFO     Running phase 'Predict' for MovieLens100K/ImplicitMFScorer                 coordinator.py:402
[2026/06/03 12:26:15] INFO     Running phase 'Evaluate' for MovieLens100K/ImplicitMFScorer                coordinator.py:402
[2026/06/03 12:26:18] INFO     MovieLens100K/ImplicitMFScorer done!                                       coordinator.py:373
                      INFO     Stopping runner...                                                         coordinator.py:445
                      INFO     Reusing existing env 'LensKit_env' at /root/.omnirec/data/envs/LensKit_env         envs.py:48
                      INFO     Starting runner...                                                         coordinator.py:272
[2026/06/03 12:26:19] INFO     Runner started with pid: 10780                                             coordinator.py:297
                      INFO     Connecting to runner...                                                    coordinator.py:135
                      INFO     Running phase 'Fit' for MovieLens100K/ItemKNNScorer                        coordinator.py:402
[2026/06/03 12:26:29] INFO     Running phase 'Predict' for MovieLens100K/ItemKNNScorer                    coordinator.py:402
[2026/06/03 12:26:39] INFO     Running phase 'Evaluate' for MovieLens100K/ItemKNNScorer                   coordinator.py:402
[2026/06/03 12:26:42] INFO     MovieLens100K/ItemKNNScorer done!                                          coordinator.py:373
                      INFO     Stopping runner...                                                         coordinator.py:445
                      INFO     Reusing existing env 'LensKit_env' at /root/.omnirec/data/envs/LensKit_env         envs.py:48
                      INFO     Starting runner...                                                         coordinator.py:272
[2026/06/03 12:26:44] INFO     Runner started with pid: 10965                                             coordinator.py:297
                      INFO     Connecting to runner...                                                    coordinator.py:135
                      INFO     Running phase 'Fit' for MovieLens100K/PopScorer                            coordinator.py:402
[2026/06/03 12:26:54] INFO     Running phase 'Predict' for MovieLens100K/PopScorer                        coordinator.py:402
[2026/06/03 12:27:04] INFO     Running phase 'Evaluate' for MovieLens100K/PopScorer                       coordinator.py:402
[2026/06/03 12:27:07] INFO     MovieLens100K/PopScorer done!                                              coordinator.py:373
                      INFO     Stopping runner...                                                         coordinator.py:445
                                MovieLens100K-08d57673: Evaluation Results                                
┏━━━━━━━━━━━━━━━━━━━━━━━━━━━━━━━━━━━━━━━┳━━━━━━━━━━━━━━━━━━━━┳━━━━━━━━━━━━━━━━━━━━━┳━━━━━━━━━━━━━━━━━━━━━┓
┃ Algorithm                             ┃ HR@10              ┃ NDCG@10             ┃ Recall@10           ┃
┡━━━━━━━━━━━━━━━━━━━━━━━━━━━━━━━━━━━━━━━╇━━━━━━━━━━━━━━━━━━━━╇━━━━━━━━━━━━━━━━━━━━━╇━━━━━━━━━━━━━━━━━━━━━┩
│ LensKit.ImplicitMFScorer-f0dd7ecb-123 │ 0.7221633085896076 │ 0.1359872090444162  │ 0.18564905990674763 │
│ LensKit.ItemKNNScorer-c3d66610-123    │ 0.7582184517497349 │ 0.18104520325950235 │ 0.22655237421939386 │
│ LensKit.PopScorer-f4aa5539-123        │ 0.6383881230116649 │ 0.12107607568214286 │ 0.14313151206046187 │
└───────────────────────────────────────┴────────────────────┴─────────────────────┴─────────────────────┘
Seed 123 | ALS | NDCG@10=0.1360 Recall@10=0.1856 HR@10=0.7222
Seed 123 | ItemKNN | NDCG@10=0.1810 Recall@10=0.2266 HR@10=0.7582
Seed 123 | Pop | NDCG@10=0.1211 Recall@10=0.1431 HR@10=0.6384

===== Running seed 2025 =====
                      INFO     Canonicalized data set already exists, skipping download and           recsys_data_set.py:205
                               canonicalization.                                                                            
Loaded dataset: RecSysDataSet(name='MovieLens100K', variant='RawData', interactions=100000, columns=4, lineage_steps=0)
                      INFO     Making data set implicit with threshold 3.                          feedback_conversion.py:21
                      INFO     Minimum rating: 1                                                   feedback_conversion.py:24
                      INFO     Maximum rating: 5                                                   feedback_conversion.py:25
                      INFO     Number of interactions before: 100000                               feedback_conversion.py:26
                      INFO     Number of interactions after: 82520                                 feedback_conversion.py:44
                      INFO     Pruning data set to 5-core.                                                core_pruning.py:19
                      INFO     Number of interactions before: 82520                                       core_pruning.py:20
                      INFO     Number of interactions after: 81697                                        core_pruning.py:63
Split sizes for seed 2025: train=56419 (0.6906), valid=12579 (0.1540), test=12699 (0.1554)
                      INFO     Reusing existing env 'LensKit_env' at /root/.omnirec/data/envs/LensKit_env         envs.py:48
                      INFO     Starting runner...                                                         coordinator.py:272
[2026/06/03 12:27:09] INFO     Runner started with pid: 11125                                             coordinator.py:297
                      INFO     Connecting to runner...                                                    coordinator.py:135
                      INFO     Running phase 'Fit' for MovieLens100K/ImplicitMFScorer                     coordinator.py:402
[2026/06/03 12:27:19] INFO     Running phase 'Predict' for MovieLens100K/ImplicitMFScorer                 coordinator.py:402
[2026/06/03 12:27:29] INFO     Running phase 'Evaluate' for MovieLens100K/ImplicitMFScorer                coordinator.py:402
[2026/06/03 12:27:32] INFO     MovieLens100K/ImplicitMFScorer done!                                       coordinator.py:373
                      INFO     Stopping runner...                                                         coordinator.py:445
                      INFO     Reusing existing env 'LensKit_env' at /root/.omnirec/data/envs/LensKit_env         envs.py:48
                      INFO     Starting runner...                                                         coordinator.py:272
[2026/06/03 12:27:33] INFO     Runner started with pid: 11309                                             coordinator.py:297
                      INFO     Connecting to runner...                                                    coordinator.py:135
[2026/06/03 12:27:34] INFO     Running phase 'Fit' for MovieLens100K/ItemKNNScorer                        coordinator.py:402
[2026/06/03 12:27:44] INFO     Running phase 'Predict' for MovieLens100K/ItemKNNScorer                    coordinator.py:402
[2026/06/03 12:27:54] INFO     Running phase 'Evaluate' for MovieLens100K/ItemKNNScorer                   coordinator.py:402
[2026/06/03 12:27:56] INFO     MovieLens100K/ItemKNNScorer done!                                          coordinator.py:373
                      INFO     Stopping runner...                                                         coordinator.py:445
                      INFO     Reusing existing env 'LensKit_env' at /root/.omnirec/data/envs/LensKit_env         envs.py:48
                      INFO     Starting runner...                                                         coordinator.py:272
[2026/06/03 12:27:58] INFO     Runner started with pid: 11494                                             coordinator.py:297
                      INFO     Connecting to runner...                                                    coordinator.py:135
                      INFO     Running phase 'Fit' for MovieLens100K/PopScorer                            coordinator.py:402
[2026/06/03 12:28:08] INFO     Running phase 'Predict' for MovieLens100K/PopScorer                        coordinator.py:402
[2026/06/03 12:28:18] INFO     Running phase 'Evaluate' for MovieLens100K/PopScorer                       coordinator.py:402
[2026/06/03 12:28:21] INFO     MovieLens100K/PopScorer done!                                              coordinator.py:373
                      INFO     Stopping runner...                                                         coordinator.py:445
                                MovieLens100K-08d57673: Evaluation Results                                 
┏━━━━━━━━━━━━━━━━━━━━━━━━━━━━━━━━━━━━━━━━┳━━━━━━━━━━━━━━━━━━━━┳━━━━━━━━━━━━━━━━━━━━━┳━━━━━━━━━━━━━━━━━━━━━┓
┃ Algorithm                              ┃ HR@10              ┃ NDCG@10             ┃ Recall@10           ┃
┡━━━━━━━━━━━━━━━━━━━━━━━━━━━━━━━━━━━━━━━━╇━━━━━━━━━━━━━━━━━━━━╇━━━━━━━━━━━━━━━━━━━━━╇━━━━━━━━━━━━━━━━━━━━━┩
│ LensKit.ImplicitMFScorer-f0dd7ecb-2025 │ 0.7412513255567338 │ 0.13826024696215777 │ 0.1943981551616754  │
│ LensKit.ItemKNNScorer-c3d66610-2025    │ 0.7667020148462355 │ 0.17821380060976463 │ 0.2261349290511534  │
│ LensKit.PopScorer-f4aa5539-2025        │ 0.6521739130434783 │ 0.1224080778656933  │ 0.14920003703142606 │
└────────────────────────────────────────┴────────────────────┴─────────────────────┴─────────────────────┘
Seed 2025 | ALS | NDCG@10=0.1383 Recall@10=0.1944 HR@10=0.7413
Seed 2025 | ItemKNN | NDCG@10=0.1782 Recall@10=0.2261 HR@10=0.7667
Seed 2025 | Pop | NDCG@10=0.1224 Recall@10=0.1492 HR@10=0.6522

===== Per-seed test results =====
 seed             dataset_id algorithm                          algorithm_raw  train_interactions  valid_interactions  test_interactions  train_ratio  valid_ratio  test_ratio  NDCG@10  Recall@10    HR@10
    7 MovieLens100K-08d57673       ALS    LensKit.ImplicitMFScorer-f0dd7ecb-7               56419               12579              12699     0.690588     0.153971     0.15544 0.140363   0.200035 0.747614
   19 MovieLens100K-08d57673       ALS   LensKit.ImplicitMFScorer-f0dd7ecb-19               56419               12579              12699     0.690588     0.153971     0.15544 0.139706   0.192212 0.734889
   42 MovieLens100K-08d57673       ALS   LensKit.ImplicitMFScorer-f0dd7ecb-42               56419               12579              12699     0.690588     0.153971     0.15544 0.132748   0.188662 0.718982
  123 MovieLens100K-08d57673       ALS  LensKit.ImplicitMFScorer-f0dd7ecb-123               56419               12579              12699     0.690588     0.153971     0.15544 0.135987   0.185649 0.722163
 2025 MovieLens100K-08d57673       ALS LensKit.ImplicitMFScorer-f0dd7ecb-2025               56419               12579              12699     0.690588     0.153971     0.15544 0.138260   0.194398 0.741251
    7 MovieLens100K-08d57673   ItemKNN       LensKit.ItemKNNScorer-c3d66610-7               56419               12579              12699     0.690588     0.153971     0.15544 0.180775   0.233151 0.787911
   19 MovieLens100K-08d57673   ItemKNN      LensKit.ItemKNNScorer-c3d66610-19               56419               12579              12699     0.690588     0.153971     0.15544 0.178899   0.225029 0.750795
   42 MovieLens100K-08d57673   ItemKNN      LensKit.ItemKNNScorer-c3d66610-42               56419               12579              12699     0.690588     0.153971     0.15544 0.175614   0.221375 0.745493
  123 MovieLens100K-08d57673   ItemKNN     LensKit.ItemKNNScorer-c3d66610-123               56419               12579              12699     0.690588     0.153971     0.15544 0.181045   0.226552 0.758218
 2025 MovieLens100K-08d57673   ItemKNN    LensKit.ItemKNNScorer-c3d66610-2025               56419               12579              12699     0.690588     0.153971     0.15544 0.178214   0.226135 0.766702
    7 MovieLens100K-08d57673       Pop           LensKit.PopScorer-f4aa5539-7               56419               12579              12699     0.690588     0.153971     0.15544 0.122565   0.152025 0.647932
   19 MovieLens100K-08d57673       Pop          LensKit.PopScorer-f4aa5539-19               56419               12579              12699     0.690588     0.153971     0.15544 0.119080   0.141443 0.625663
   42 MovieLens100K-08d57673       Pop          LensKit.PopScorer-f4aa5539-42               56419               12579              12699     0.690588     0.153971     0.15544 0.121087   0.145317 0.615058
  123 MovieLens100K-08d57673       Pop         LensKit.PopScorer-f4aa5539-123               56419               12579              12699     0.690588     0.153971     0.15544 0.121076   0.143132 0.638388
 2025 MovieLens100K-08d57673       Pop        LensKit.PopScorer-f4aa5539-2025               56419               12579              12699     0.690588     0.153971     0.15544 0.122408   0.149200 0.652174

===== Split sizes by seed =====
 seed  train_interactions  valid_interactions  test_interactions  train_ratio  valid_ratio  test_ratio
    7               56419               12579              12699     0.690588     0.153971     0.15544
   19               56419               12579              12699     0.690588     0.153971     0.15544
   42               56419               12579              12699     0.690588     0.153971     0.15544
  123               56419               12579              12699     0.690588     0.153971     0.15544
 2025               56419               12579              12699     0.690588     0.153971     0.15544

===== Seed sensitivity summary =====
algorithm  NDCG@10_mean  NDCG@10_std  NDCG@10_min  NDCG@10_max  NDCG@10_range  NDCG@10_cv_pct  Recall@10_mean  Recall@10_std  Recall@10_min  Recall@10_max  Recall@10_range  Recall@10_cv_pct  HR@10_mean  HR@10_std  HR@10_min  HR@10_max  HR@10_range  HR@10_cv_pct
      ALS      0.137413     0.003101     0.132748     0.140363       0.007615        2.256856        0.192191       0.005515       0.185649       0.200035         0.014386          2.869516    0.732980   0.012239   0.718982   0.747614     0.028632      1.669738
  ItemKNN      0.178910     0.002202     0.175614     0.181045       0.005431        1.230579        0.226448       0.004266       0.221375       0.233151         0.011776          1.883800    0.761824   0.016626   0.745493   0.787911     0.042418      2.182351
      Pop      0.121243     0.001400     0.119080     0.122565       0.003485        1.154305        0.146223       0.004352       0.141443       0.152025         0.010582          2.976165    0.635843   0.015451   0.615058   0.652174     0.037116      2.430040

Saved per-run results to: /app/out/workspace/working/per_seed_test_results.csv
Saved split-size checks to: /app/out/workspace/working/split_sizes_by_seed.csv
Saved summary results to: /app/out/workspace/working/seed_sensitivity_summary.csv
Execution time: 6 minutes (time limit is an hour).