Loading and preprocessing MovieLens100K...
[2026/06/29 09:14:41] INFO     Canonicalized data set already exists, skipping download and canonicalization.                                    recsys_data_set.py:205
                      INFO     Making data set implicit with threshold 3.                                                                     feedback_conversion.py:21
                      INFO     Minimum rating: 1                                                                                              feedback_conversion.py:24
                      INFO     Maximum rating: 5                                                                                              feedback_conversion.py:25
                      INFO     Number of interactions before: 100000                                                                          feedback_conversion.py:26
                      INFO     Number of interactions after: 82520                                                                            feedback_conversion.py:44
                      INFO     Pruning data set to 5-core.                                                                                           core_pruning.py:19
                      INFO     Number of interactions before: 82520                                                                                  core_pruning.py:20
                      INFO     Number of interactions after: 81697                                                                                   core_pruning.py:63
RecSysDataSet(name='MovieLens100K', variant='RawData', interactions=81697, columns=3, lineage_steps=2)
RecSysDataSet: MovieLens100K
  Variant: RawData
  Interactions: 81697
  Columns: 3
  Metadata:
    Name: MovieLens100K
    Canonical path: /root/.omnirec/data/canon/MovieLens100K.csv
    Raw dir: unknown
  Lineage steps: 2
  Lineage:
    1. MakeImplicit(threshold=3) [runtime=0.0123s]
    2. CorePruning(core=5) [runtime=0.0985s]

=== Running seed 11 ===
Random state set to: 11
[2026/06/29 09:14:42] INFO     Creating env 'LensKit_env' at /root/.omnirec/data/envs/LensKit_env                                                            envs.py:51
                      INFO     Installing packages...                                                                                                        envs.py:57
[2026/06/29 09:16:32] CRITICAL Error while creating env 'LensKit_env'                                                                                        envs.py:89
                      INFO     Stopping runner...                                                                                                    coordinator.py:445
Seed 11 failed: AttributeError("'Coordinator' object has no attribute '_proc'")

=== Running seed 22 ===
Random state set to: 22
[2026/06/29 09:16:33] INFO     Creating env 'LensKit_env' at /root/.omnirec/data/envs/LensKit_env                                                            envs.py:51
                      INFO     Installing packages...                                                                                                        envs.py:57
[2026/06/29 09:18:20] CRITICAL Error while creating env 'LensKit_env'                                                                                        envs.py:89
                      INFO     Stopping runner...                                                                                                    coordinator.py:445
Seed 22 failed: AttributeError("'Coordinator' object has no attribute '_proc'")

=== Running seed 33 ===
Random state set to: 33
[2026/06/29 09:18:21] INFO     Creating env 'LensKit_env' at /root/.omnirec/data/envs/LensKit_env                                                            envs.py:51
                      INFO     Installing packages...                                                                                                        envs.py:57
[2026/06/29 09:20:41] INFO     Done.                                                                                                                         envs.py:63
                      INFO     Starting runner...                                                                                                    coordinator.py:272
[2026/06/29 09:20:50] INFO     Runner started with pid: 1685                                                                                         coordinator.py:297
                      INFO     Connecting to runner...                                                                                               coordinator.py:135
[2026/06/29 09:20:51] INFO     Running phase 'Fit' for MovieLens100K/ImplicitMFScorer                                                                coordinator.py:402
[2026/06/29 09:21:01] INFO     Running phase 'Predict' for MovieLens100K/ImplicitMFScorer                                                            coordinator.py:402
[2026/06/29 09:21:21] INFO     Running phase 'Evaluate' for MovieLens100K/ImplicitMFScorer                                                           coordinator.py:402
[2026/06/29 09:21:25] INFO     MovieLens100K/ImplicitMFScorer done!                                                                                  coordinator.py:373
                      INFO     Stopping runner...                                                                                                    coordinator.py:445
                      INFO     Reusing existing env 'LensKit_env' at /root/.omnirec/data/envs/LensKit_env                                                    envs.py:48
                      INFO     Starting runner...                                                                                                    coordinator.py:272
[2026/06/29 09:21:28] INFO     Runner started with pid: 1827                                                                                         coordinator.py:297
                      INFO     Connecting to runner...                                                                                               coordinator.py:135
                      INFO     Running phase 'Fit' for MovieLens100K/ItemKNNScorer                                                                   coordinator.py:402
[2026/06/29 09:21:38] INFO     Running phase 'Predict' for MovieLens100K/ItemKNNScorer                                                               coordinator.py:402
[2026/06/29 09:21:48] INFO     Running phase 'Evaluate' for MovieLens100K/ItemKNNScorer                                                              coordinator.py:402
[2026/06/29 09:21:51] INFO     MovieLens100K/ItemKNNScorer done!                                                                                     coordinator.py:373
                      INFO     Stopping runner...                                                                                                    coordinator.py:445
                      INFO     Reusing existing env 'LensKit_env' at /root/.omnirec/data/envs/LensKit_env                                                    envs.py:48
                      INFO     Starting runner...                                                                                                    coordinator.py:272
[2026/06/29 09:21:53] INFO     Runner started with pid: 1973                                                                                         coordinator.py:297
                      INFO     Connecting to runner...                                                                                               coordinator.py:135
                      INFO     Running phase 'Fit' for MovieLens100K/PopScorer                                                                       coordinator.py:402
[2026/06/29 09:22:03] INFO     Running phase 'Predict' for MovieLens100K/PopScorer                                                                   coordinator.py:402
[2026/06/29 09:22:13] INFO     Running phase 'Evaluate' for MovieLens100K/PopScorer                                                                  coordinator.py:402
[2026/06/29 09:22:17] INFO     MovieLens100K/PopScorer done!                                                                                         coordinator.py:373
                      INFO     Stopping runner...                                                                                                    coordinator.py:445
                               MovieLens100K-08d57673: Evaluation Results                                
┏━━━━━━━━━━━━━━━━━━━━━━━━━━━━━━━━━━━━━━┳━━━━━━━━━━━━━━━━━━━━┳━━━━━━━━━━━━━━━━━━━━━┳━━━━━━━━━━━━━━━━━━━━━┓
┃ Algorithm                            ┃ HR@10              ┃ NDCG@10             ┃ Recall@10           ┃
┡━━━━━━━━━━━━━━━━━━━━━━━━━━━━━━━━━━━━━━╇━━━━━━━━━━━━━━━━━━━━╇━━━━━━━━━━━━━━━━━━━━━╇━━━━━━━━━━━━━━━━━━━━━┩
│ LensKit.ImplicitMFScorer-07f19527-33 │ 0.7486744432661718 │ 0.13929806510022366 │ 0.19741663720984962 │
│ LensKit.ItemKNNScorer-35896b55-33    │ 0.7910922587486744 │ 0.18564713183381992 │ 0.23732683600127893 │
│ LensKit.PopScorer-f4aa5539-33        │ 0.6076352067868505 │ 0.11716464672277108 │ 0.14649716372940105 │
└──────────────────────────────────────┴────────────────────┴─────────────────────┴─────────────────────┘
Seed 33 returned no results.

=== Running seed 44 ===
Random state set to: 44
[2026/06/29 09:22:28] INFO     Creating env 'LensKit_env' at /root/.omnirec/data/envs/LensKit_env                                                            envs.py:51
                      INFO     Installing packages...                                                                                                        envs.py:57
[2026/06/29 09:22:29] INFO     Done.                                                                                                                         envs.py:63
                      INFO     Starting runner...                                                                                                    coordinator.py:272
[2026/06/29 09:22:39] INFO     Runner started with pid: 2143                                                                                         coordinator.py:297
                      INFO     Connecting to runner...                                                                                               coordinator.py:135
                      INFO     Running phase 'Fit' for MovieLens100K/ImplicitMFScorer                                                                coordinator.py:402
[2026/06/29 09:22:49] INFO     Running phase 'Predict' for MovieLens100K/ImplicitMFScorer                                                            coordinator.py:402
[2026/06/29 09:23:09] INFO     Running phase 'Evaluate' for MovieLens100K/ImplicitMFScorer                                                           coordinator.py:402
[2026/06/29 09:23:12] INFO     MovieLens100K/ImplicitMFScorer done!                                                                                  coordinator.py:373
                      INFO     Stopping runner...                                                                                                    coordinator.py:445
[2026/06/29 09:23:13] INFO     Reusing existing env 'LensKit_env' at /root/.omnirec/data/envs/LensKit_env                                                    envs.py:48
                      INFO     Starting runner...                                                                                                    coordinator.py:272
[2026/06/29 09:23:15] INFO     Runner started with pid: 2285                                                                                         coordinator.py:297
                      INFO     Connecting to runner...                                                                                               coordinator.py:135
                      INFO     Running phase 'Fit' for MovieLens100K/ItemKNNScorer                                                                   coordinator.py:402
[2026/06/29 09:23:25] INFO     Running phase 'Predict' for MovieLens100K/ItemKNNScorer                                                               coordinator.py:402
[2026/06/29 09:23:35] INFO     Running phase 'Evaluate' for MovieLens100K/ItemKNNScorer                                                              coordinator.py:402
[2026/06/29 09:23:38] INFO     MovieLens100K/ItemKNNScorer done!                                                                                     coordinator.py:373
                      INFO     Stopping runner...                                                                                                    coordinator.py:445
                      INFO     Reusing existing env 'LensKit_env' at /root/.omnirec/data/envs/LensKit_env                                                    envs.py:48
                      INFO     Starting runner...                                                                                                    coordinator.py:272
[2026/06/29 09:23:40] INFO     Runner started with pid: 2431                                                                                         coordinator.py:297
                      INFO     Connecting to runner...                                                                                               coordinator.py:135
                      INFO     Running phase 'Fit' for MovieLens100K/PopScorer                                                                       coordinator.py:402
[2026/06/29 09:23:50] INFO     Running phase 'Predict' for MovieLens100K/PopScorer                                                                   coordinator.py:402
[2026/06/29 09:24:00] INFO     Running phase 'Evaluate' for MovieLens100K/PopScorer                                                                  coordinator.py:402
[2026/06/29 09:24:03] INFO     MovieLens100K/PopScorer done!                                                                                         coordinator.py:373
                      INFO     Stopping runner...                                                                                                    coordinator.py:445
                               MovieLens100K-08d57673: Evaluation Results                                
┏━━━━━━━━━━━━━━━━━━━━━━━━━━━━━━━━━━━━━━┳━━━━━━━━━━━━━━━━━━━━┳━━━━━━━━━━━━━━━━━━━━━┳━━━━━━━━━━━━━━━━━━━━━┓
┃ Algorithm                            ┃ HR@10              ┃ NDCG@10             ┃ Recall@10           ┃
┡━━━━━━━━━━━━━━━━━━━━━━━━━━━━━━━━━━━━━━╇━━━━━━━━━━━━━━━━━━━━╇━━━━━━━━━━━━━━━━━━━━━╇━━━━━━━━━━━━━━━━━━━━━┩
│ LensKit.ImplicitMFScorer-07f19527-33 │ 0.7486744432661718 │ 0.13929806510022366 │ 0.19741663720984962 │
│ LensKit.ImplicitMFScorer-07f19527-44 │ 0.7348886532343585 │ 0.14024956728792004 │ 0.19363311956100887 │
│ LensKit.ItemKNNScorer-35896b55-33    │ 0.7910922587486744 │ 0.18564713183381992 │ 0.23732683600127893 │
│ LensKit.ItemKNNScorer-35896b55-44    │ 0.7857900318133616 │ 0.19273391902960585 │ 0.23727423454358745 │
│ LensKit.PopScorer-f4aa5539-33        │ 0.6076352067868505 │ 0.11716464672277108 │ 0.14649716372940105 │
│ LensKit.PopScorer-f4aa5539-44        │ 0.6171792152704135 │ 0.11546449369860634 │ 0.14144952784931564 │
└──────────────────────────────────────┴────────────────────┴─────────────────────┴─────────────────────┘
Seed 44 returned no results.

=== Running seed 55 ===
Random state set to: 55
[2026/06/29 09:24:14] INFO     Creating env 'LensKit_env' at /root/.omnirec/data/envs/LensKit_env                                                            envs.py:51
                      INFO     Installing packages...                                                                                                        envs.py:57
[2026/06/29 09:24:16] INFO     Done.                                                                                                                         envs.py:63
                      INFO     Starting runner...                                                                                                    coordinator.py:272
[2026/06/29 09:24:28] INFO     Runner started with pid: 2598                                                                                         coordinator.py:297
                      INFO     Connecting to runner...                                                                                               coordinator.py:135
                      INFO     Running phase 'Fit' for MovieLens100K/ImplicitMFScorer                                                                coordinator.py:402
[2026/06/29 09:24:38] INFO     Running phase 'Predict' for MovieLens100K/ImplicitMFScorer                                                            coordinator.py:402
[2026/06/29 09:24:58] INFO     Running phase 'Evaluate' for MovieLens100K/ImplicitMFScorer                                                           coordinator.py:402
[2026/06/29 09:25:03] INFO     MovieLens100K/ImplicitMFScorer done!                                                                                  coordinator.py:373
                      INFO     Stopping runner...                                                                                                    coordinator.py:445
                      INFO     Reusing existing env 'LensKit_env' at /root/.omnirec/data/envs/LensKit_env                                                    envs.py:48
                      INFO     Starting runner...                                                                                                    coordinator.py:272
[2026/06/29 09:25:06] INFO     Runner started with pid: 2740                                                                                         coordinator.py:297
                      INFO     Connecting to runner...                                                                                               coordinator.py:135
                      INFO     Running phase 'Fit' for MovieLens100K/ItemKNNScorer                                                                   coordinator.py:402
[2026/06/29 09:25:16] INFO     Running phase 'Predict' for MovieLens100K/ItemKNNScorer                                                               coordinator.py:402
[2026/06/29 09:25:26] INFO     Running phase 'Evaluate' for MovieLens100K/ItemKNNScorer                                                              coordinator.py:402
[2026/06/29 09:25:29] INFO     MovieLens100K/ItemKNNScorer done!                                                                                     coordinator.py:373
                      INFO     Stopping runner...                                                                                                    coordinator.py:445
                      INFO     Reusing existing env 'LensKit_env' at /root/.omnirec/data/envs/LensKit_env                                                    envs.py:48
                      INFO     Starting runner...                                                                                                    coordinator.py:272
[2026/06/29 09:25:31] INFO     Runner started with pid: 2886                                                                                         coordinator.py:297
                      INFO     Connecting to runner...                                                                                               coordinator.py:135
[2026/06/29 09:25:32] INFO     Running phase 'Fit' for MovieLens100K/PopScorer                                                                       coordinator.py:402
[2026/06/29 09:25:42] INFO     Running phase 'Predict' for MovieLens100K/PopScorer                                                                   coordinator.py:402
[2026/06/29 09:25:52] INFO     Running phase 'Evaluate' for MovieLens100K/PopScorer                                                                  coordinator.py:402
[2026/06/29 09:25:56] INFO     MovieLens100K/PopScorer done!                                                                                         coordinator.py:373
                      INFO     Stopping runner...                                                                                                    coordinator.py:445
                               MovieLens100K-08d57673: Evaluation Results                                
┏━━━━━━━━━━━━━━━━━━━━━━━━━━━━━━━━━━━━━━┳━━━━━━━━━━━━━━━━━━━━┳━━━━━━━━━━━━━━━━━━━━━┳━━━━━━━━━━━━━━━━━━━━━┓
┃ Algorithm                            ┃ HR@10              ┃ NDCG@10             ┃ Recall@10           ┃
┡━━━━━━━━━━━━━━━━━━━━━━━━━━━━━━━━━━━━━━╇━━━━━━━━━━━━━━━━━━━━╇━━━━━━━━━━━━━━━━━━━━━╇━━━━━━━━━━━━━━━━━━━━━┩
│ LensKit.ImplicitMFScorer-07f19527-33 │ 0.7486744432661718 │ 0.13929806510022366 │ 0.19741663720984962 │
│ LensKit.ImplicitMFScorer-07f19527-44 │ 0.7348886532343585 │ 0.14024956728792004 │ 0.19363311956100887 │
│ LensKit.ImplicitMFScorer-07f19527-55 │ 0.7539766702014846 │ 0.14369158740348753 │ 0.20108190678180024 │
│ LensKit.ItemKNNScorer-35896b55-33    │ 0.7910922587486744 │ 0.18564713183381992 │ 0.23732683600127893 │
│ LensKit.ItemKNNScorer-35896b55-44    │ 0.7857900318133616 │ 0.19273391902960585 │ 0.23727423454358745 │
│ LensKit.ItemKNNScorer-35896b55-55    │ 0.777306468716861  │ 0.1841929844371622  │ 0.23432139911461186 │
│ LensKit.PopScorer-f4aa5539-33        │ 0.6076352067868505 │ 0.11716464672277108 │ 0.14649716372940105 │
│ LensKit.PopScorer-f4aa5539-44        │ 0.6171792152704135 │ 0.11546449369860634 │ 0.14144952784931564 │
│ LensKit.PopScorer-f4aa5539-55        │ 0.6447507953340403 │ 0.12098329276366955 │ 0.14841227760103654 │
└──────────────────────────────────────┴────────────────────┴─────────────────────┴─────────────────────┘
Seed 55 returned no results.

Per-seed results saved to: /app/out/workspace/working/split_seed_results.csv
Aggregate results saved to: /app/out/workspace/working/split_seed_aggregate.csv
Metadata saved to: /app/out/workspace/working/experiment_metadata.json
Empty DataFrame
Columns: []
Index: []
Execution time: 11 minutes (time limit is an hour).