
===== Running seed 7 =====
[2026/06/03 12:11:02] INFO     Canonicalized data set already exists, skipping download and           recsys_data_set.py:205
                               canonicalization.                                                                            
Loaded dataset: RecSysDataSet(name='MovieLens100K', variant='RawData', interactions=100000, columns=4, lineage_steps=0)
                      INFO     Making data set implicit with threshold 3.                          feedback_conversion.py:21
                      INFO     Minimum rating: 1                                                   feedback_conversion.py:24
                      INFO     Maximum rating: 5                                                   feedback_conversion.py:25
                      INFO     Number of interactions before: 100000                               feedback_conversion.py:26
                      INFO     Number of interactions after: 82520                                 feedback_conversion.py:44
                      INFO     Pruning data set to 5-core.                                                core_pruning.py:19
                      INFO     Number of interactions before: 82520                                       core_pruning.py:20
[2026/06/03 12:11:03] INFO     Number of interactions after: 81697                                        core_pruning.py:63
Split sizes for seed 7: train=56419, valid=12579, test=12699
                      INFO     Reusing existing env 'LensKit_env' at /root/.omnirec/data/envs/LensKit_env         envs.py:48
                      INFO     Starting runner...                                                         coordinator.py:272
[2026/06/03 12:11:05] INFO     Runner started with pid: 5204                                              coordinator.py:297
                      INFO     Connecting to runner...                                                    coordinator.py:135
                      INFO     Running phase 'Fit' for MovieLens100K/ImplicitMFScorer                     coordinator.py:402
[2026/06/03 12:11:15] INFO     Running phase 'Predict' for MovieLens100K/ImplicitMFScorer                 coordinator.py:402
[2026/06/03 12:11:25] INFO     Running phase 'Evaluate' for MovieLens100K/ImplicitMFScorer                coordinator.py:402
[2026/06/03 12:11:28] INFO     MovieLens100K/ImplicitMFScorer done!                                       coordinator.py:373
                      INFO     Stopping runner...                                                         coordinator.py:445
                      INFO     Reusing existing env 'LensKit_env' at /root/.omnirec/data/envs/LensKit_env         envs.py:48
                      INFO     Starting runner...                                                         coordinator.py:272
[2026/06/03 12:11:29] INFO     Runner started with pid: 5388                                              coordinator.py:297
                      INFO     Connecting to runner...                                                    coordinator.py:135
[2026/06/03 12:11:30] INFO     Running phase 'Fit' for MovieLens100K/ItemKNNScorer                        coordinator.py:402
[2026/06/03 12:11:40] INFO     Running phase 'Predict' for MovieLens100K/ItemKNNScorer                    coordinator.py:402
[2026/06/03 12:11:50] INFO     Running phase 'Evaluate' for MovieLens100K/ItemKNNScorer                   coordinator.py:402
[2026/06/03 12:11:52] INFO     MovieLens100K/ItemKNNScorer done!                                          coordinator.py:373
                      INFO     Stopping runner...                                                         coordinator.py:445
                      INFO     Reusing existing env 'LensKit_env' at /root/.omnirec/data/envs/LensKit_env         envs.py:48
                      INFO     Starting runner...                                                         coordinator.py:272
[2026/06/03 12:11:54] INFO     Runner started with pid: 5573                                              coordinator.py:297
                      INFO     Connecting to runner...                                                    coordinator.py:135
                      INFO     Running phase 'Fit' for MovieLens100K/PopScorer                            coordinator.py:402
[2026/06/03 12:12:04] INFO     Running phase 'Predict' for MovieLens100K/PopScorer                        coordinator.py:402
[2026/06/03 12:12:14] INFO     Running phase 'Evaluate' for MovieLens100K/PopScorer                       coordinator.py:402
[2026/06/03 12:12:17] INFO     MovieLens100K/PopScorer done!                                              coordinator.py:373
                      INFO     Stopping runner...                                                         coordinator.py:445
                               MovieLens100K-08d57673: Evaluation Results                               
┏━━━━━━━━━━━━━━━━━━━━━━━━━━━━━━━━━━━━━┳━━━━━━━━━━━━━━━━━━━━┳━━━━━━━━━━━━━━━━━━━━━┳━━━━━━━━━━━━━━━━━━━━━┓
┃ Algorithm                           ┃ HR@10              ┃ NDCG@10             ┃ Recall@10           ┃
┡━━━━━━━━━━━━━━━━━━━━━━━━━━━━━━━━━━━━━╇━━━━━━━━━━━━━━━━━━━━╇━━━━━━━━━━━━━━━━━━━━━╇━━━━━━━━━━━━━━━━━━━━━┩
│ LensKit.ImplicitMFScorer-f0dd7ecb-7 │ 0.7423117709437964 │ 0.13304106941718966 │ 0.19204497635038406 │
│ LensKit.ItemKNNScorer-c3d66610-7    │ 0.7879109225874867 │ 0.1807754740010039  │ 0.23315112188388945 │
│ LensKit.PopScorer-f4aa5539-7        │ 0.647932131495228  │ 0.1225653741083829  │ 0.1520249457152954  │
└─────────────────────────────────────┴────────────────────┴─────────────────────┴─────────────────────┘
Seed 7 | ALS | NDCG@10=0.1330 Recall@10=0.1920 HR@10=0.7423
Seed 7 | ItemKNN | NDCG@10=0.1808 Recall@10=0.2332 HR@10=0.7879
Seed 7 | Pop | NDCG@10=0.1226 Recall@10=0.1520 HR@10=0.6479

===== Running seed 19 =====
                      INFO     Canonicalized data set already exists, skipping download and           recsys_data_set.py:205
                               canonicalization.                                                                            
Loaded dataset: RecSysDataSet(name='MovieLens100K', variant='RawData', interactions=100000, columns=4, lineage_steps=0)
                      INFO     Making data set implicit with threshold 3.                          feedback_conversion.py:21
                      INFO     Minimum rating: 1                                                   feedback_conversion.py:24
                      INFO     Maximum rating: 5                                                   feedback_conversion.py:25
                      INFO     Number of interactions before: 100000                               feedback_conversion.py:26
                      INFO     Number of interactions after: 82520                                 feedback_conversion.py:44
                      INFO     Pruning data set to 5-core.                                                core_pruning.py:19
                      INFO     Number of interactions before: 82520                                       core_pruning.py:20
                      INFO     Number of interactions after: 81697                                        core_pruning.py:63
Split sizes for seed 19: train=56419, valid=12579, test=12699
[2026/06/03 12:12:18] INFO     Reusing existing env 'LensKit_env' at /root/.omnirec/data/envs/LensKit_env         envs.py:48
                      INFO     Starting runner...                                                         coordinator.py:272
[2026/06/03 12:12:19] INFO     Runner started with pid: 5734                                              coordinator.py:297
                      INFO     Connecting to runner...                                                    coordinator.py:135
                      INFO     Running phase 'Fit' for MovieLens100K/ImplicitMFScorer                     coordinator.py:402
[2026/06/03 12:12:29] INFO     Running phase 'Predict' for MovieLens100K/ImplicitMFScorer                 coordinator.py:402
[2026/06/03 12:12:39] INFO     Running phase 'Evaluate' for MovieLens100K/ImplicitMFScorer                coordinator.py:402
[2026/06/03 12:12:42] INFO     MovieLens100K/ImplicitMFScorer done!                                       coordinator.py:373
                      INFO     Stopping runner...                                                         coordinator.py:445
                      INFO     Reusing existing env 'LensKit_env' at /root/.omnirec/data/envs/LensKit_env         envs.py:48
                      INFO     Starting runner...                                                         coordinator.py:272
[2026/06/03 12:12:44] INFO     Runner started with pid: 5918                                              coordinator.py:297
                      INFO     Connecting to runner...                                                    coordinator.py:135
                      INFO     Running phase 'Fit' for MovieLens100K/ItemKNNScorer                        coordinator.py:402
[2026/06/03 12:12:54] INFO     Running phase 'Predict' for MovieLens100K/ItemKNNScorer                    coordinator.py:402
[2026/06/03 12:13:04] INFO     Running phase 'Evaluate' for MovieLens100K/ItemKNNScorer                   coordinator.py:402
[2026/06/03 12:13:07] INFO     MovieLens100K/ItemKNNScorer done!                                          coordinator.py:373
                      INFO     Stopping runner...                                                         coordinator.py:445
                      INFO     Reusing existing env 'LensKit_env' at /root/.omnirec/data/envs/LensKit_env         envs.py:48
                      INFO     Starting runner...                                                         coordinator.py:272
[2026/06/03 12:13:08] INFO     Runner started with pid: 6103                                              coordinator.py:297
                      INFO     Connecting to runner...                                                    coordinator.py:135
[2026/06/03 12:13:09] INFO     Running phase 'Fit' for MovieLens100K/PopScorer                            coordinator.py:402
[2026/06/03 12:13:19] INFO     Running phase 'Predict' for MovieLens100K/PopScorer                        coordinator.py:402
[2026/06/03 12:13:29] INFO     Running phase 'Evaluate' for MovieLens100K/PopScorer                       coordinator.py:402
[2026/06/03 12:13:31] INFO     MovieLens100K/PopScorer done!                                              coordinator.py:373
                      INFO     Stopping runner...                                                         coordinator.py:445
                               MovieLens100K-08d57673: Evaluation Results                                
┏━━━━━━━━━━━━━━━━━━━━━━━━━━━━━━━━━━━━━━┳━━━━━━━━━━━━━━━━━━━━┳━━━━━━━━━━━━━━━━━━━━━┳━━━━━━━━━━━━━━━━━━━━━┓
┃ Algorithm                            ┃ HR@10              ┃ NDCG@10             ┃ Recall@10           ┃
┡━━━━━━━━━━━━━━━━━━━━━━━━━━━━━━━━━━━━━━╇━━━━━━━━━━━━━━━━━━━━╇━━━━━━━━━━━━━━━━━━━━━╇━━━━━━━━━━━━━━━━━━━━━┩
│ LensKit.ImplicitMFScorer-f0dd7ecb-19 │ 0.7571580063626723 │ 0.14181998744624297 │ 0.1977945260819064  │
│ LensKit.ItemKNNScorer-c3d66610-19    │ 0.750795334040297  │ 0.17889927676996628 │ 0.2250286151929839  │
│ LensKit.PopScorer-f4aa5539-19        │ 0.6256627783669141 │ 0.11908049734056257 │ 0.14144279486273115 │
└──────────────────────────────────────┴────────────────────┴─────────────────────┴─────────────────────┘
Seed 19 | ALS | NDCG@10=0.1418 Recall@10=0.1978 HR@10=0.7572
Seed 19 | ItemKNN | NDCG@10=0.1789 Recall@10=0.2250 HR@10=0.7508
Seed 19 | Pop | NDCG@10=0.1191 Recall@10=0.1414 HR@10=0.6257

===== Running seed 42 =====
                      INFO     Canonicalized data set already exists, skipping download and           recsys_data_set.py:205
                               canonicalization.                                                                            
Loaded dataset: RecSysDataSet(name='MovieLens100K', variant='RawData', interactions=100000, columns=4, lineage_steps=0)
                      INFO     Making data set implicit with threshold 3.                          feedback_conversion.py:21
                      INFO     Minimum rating: 1                                                   feedback_conversion.py:24
                      INFO     Maximum rating: 5                                                   feedback_conversion.py:25
                      INFO     Number of interactions before: 100000                               feedback_conversion.py:26
                      INFO     Number of interactions after: 82520                                 feedback_conversion.py:44
                      INFO     Pruning data set to 5-core.                                                core_pruning.py:19
                      INFO     Number of interactions before: 82520                                       core_pruning.py:20
                      INFO     Number of interactions after: 81697                                        core_pruning.py:63
Split sizes for seed 42: train=56419, valid=12579, test=12699
[2026/06/03 12:13:32] INFO     Reusing existing env 'LensKit_env' at /root/.omnirec/data/envs/LensKit_env         envs.py:48
                      INFO     Starting runner...                                                         coordinator.py:272
[2026/06/03 12:13:34] INFO     Runner started with pid: 6263                                              coordinator.py:297
                      INFO     Connecting to runner...                                                    coordinator.py:135
                      INFO     Running phase 'Fit' for MovieLens100K/ImplicitMFScorer                     coordinator.py:402
[2026/06/03 12:13:44] INFO     Running phase 'Predict' for MovieLens100K/ImplicitMFScorer                 coordinator.py:402
[2026/06/03 12:13:54] INFO     Running phase 'Evaluate' for MovieLens100K/ImplicitMFScorer                coordinator.py:402
[2026/06/03 12:13:57] INFO     MovieLens100K/ImplicitMFScorer done!                                       coordinator.py:373
                      INFO     Stopping runner...                                                         coordinator.py:445
                      INFO     Reusing existing env 'LensKit_env' at /root/.omnirec/data/envs/LensKit_env         envs.py:48
                      INFO     Starting runner...                                                         coordinator.py:272
[2026/06/03 12:13:58] INFO     Runner started with pid: 6447                                              coordinator.py:297
                      INFO     Connecting to runner...                                                    coordinator.py:135
                      INFO     Running phase 'Fit' for MovieLens100K/ItemKNNScorer                        coordinator.py:402
[2026/06/03 12:14:09] INFO     Running phase 'Predict' for MovieLens100K/ItemKNNScorer                    coordinator.py:402
[2026/06/03 12:14:19] INFO     Running phase 'Evaluate' for MovieLens100K/ItemKNNScorer                   coordinator.py:402
[2026/06/03 12:14:21] INFO     MovieLens100K/ItemKNNScorer done!                                          coordinator.py:373
                      INFO     Stopping runner...                                                         coordinator.py:445
                      INFO     Reusing existing env 'LensKit_env' at /root/.omnirec/data/envs/LensKit_env         envs.py:48
                      INFO     Starting runner...                                                         coordinator.py:272
[2026/06/03 12:14:23] INFO     Runner started with pid: 6632                                              coordinator.py:297
                      INFO     Connecting to runner...                                                    coordinator.py:135
                      INFO     Running phase 'Fit' for MovieLens100K/PopScorer                            coordinator.py:402
[2026/06/03 12:14:33] INFO     Running phase 'Predict' for MovieLens100K/PopScorer                        coordinator.py:402
[2026/06/03 12:14:43] INFO     Running phase 'Evaluate' for MovieLens100K/PopScorer                       coordinator.py:402
[2026/06/03 12:14:46] INFO     MovieLens100K/PopScorer done!                                              coordinator.py:373
                      INFO     Stopping runner...                                                         coordinator.py:445
                               MovieLens100K-08d57673: Evaluation Results                                
┏━━━━━━━━━━━━━━━━━━━━━━━━━━━━━━━━━━━━━━┳━━━━━━━━━━━━━━━━━━━━┳━━━━━━━━━━━━━━━━━━━━━┳━━━━━━━━━━━━━━━━━━━━━┓
┃ Algorithm                            ┃ HR@10              ┃ NDCG@10             ┃ Recall@10           ┃
┡━━━━━━━━━━━━━━━━━━━━━━━━━━━━━━━━━━━━━━╇━━━━━━━━━━━━━━━━━━━━╇━━━━━━━━━━━━━━━━━━━━━╇━━━━━━━━━━━━━━━━━━━━━┩
│ LensKit.ImplicitMFScorer-f0dd7ecb-42 │ 0.7412513255567338 │ 0.1376332852081074  │ 0.19328721237522864 │
│ LensKit.ItemKNNScorer-c3d66610-42    │ 0.7454931071049841 │ 0.17561384032793625 │ 0.22137512834755643 │
│ LensKit.PopScorer-f4aa5539-42        │ 0.6150583244962884 │ 0.12108726354695216 │ 0.14531678701880174 │
└──────────────────────────────────────┴────────────────────┴─────────────────────┴─────────────────────┘
Seed 42 | ALS | NDCG@10=0.1376 Recall@10=0.1933 HR@10=0.7413
Seed 42 | ItemKNN | NDCG@10=0.1756 Recall@10=0.2214 HR@10=0.7455
Seed 42 | Pop | NDCG@10=0.1211 Recall@10=0.1453 HR@10=0.6151

===== Running seed 123 =====
                      INFO     Canonicalized data set already exists, skipping download and           recsys_data_set.py:205
                               canonicalization.                                                                            
Loaded dataset: RecSysDataSet(name='MovieLens100K', variant='RawData', interactions=100000, columns=4, lineage_steps=0)
                      INFO     Making data set implicit with threshold 3.                          feedback_conversion.py:21
                      INFO     Minimum rating: 1                                                   feedback_conversion.py:24
                      INFO     Maximum rating: 5                                                   feedback_conversion.py:25
                      INFO     Number of interactions before: 100000                               feedback_conversion.py:26
                      INFO     Number of interactions after: 82520                                 feedback_conversion.py:44
                      INFO     Pruning data set to 5-core.                                                core_pruning.py:19
                      INFO     Number of interactions before: 82520                                       core_pruning.py:20
                      INFO     Number of interactions after: 81697                                        core_pruning.py:63
Split sizes for seed 123: train=56419, valid=12579, test=12699
[2026/06/03 12:14:47] INFO     Reusing existing env 'LensKit_env' at /root/.omnirec/data/envs/LensKit_env         envs.py:48
                      INFO     Starting runner...                                                         coordinator.py:272
[2026/06/03 12:14:48] INFO     Runner started with pid: 6792                                              coordinator.py:297
                      INFO     Connecting to runner...                                                    coordinator.py:135
                      INFO     Running phase 'Fit' for MovieLens100K/ImplicitMFScorer                     coordinator.py:402
[2026/06/03 12:14:58] INFO     Running phase 'Predict' for MovieLens100K/ImplicitMFScorer                 coordinator.py:402
[2026/06/03 12:15:08] INFO     Running phase 'Evaluate' for MovieLens100K/ImplicitMFScorer                coordinator.py:402
[2026/06/03 12:15:11] INFO     MovieLens100K/ImplicitMFScorer done!                                       coordinator.py:373
                      INFO     Stopping runner...                                                         coordinator.py:445
                      INFO     Reusing existing env 'LensKit_env' at /root/.omnirec/data/envs/LensKit_env         envs.py:48
                      INFO     Starting runner...                                                         coordinator.py:272
[2026/06/03 12:15:13] INFO     Runner started with pid: 6976                                              coordinator.py:297
                      INFO     Connecting to runner...                                                    coordinator.py:135
                      INFO     Running phase 'Fit' for MovieLens100K/ItemKNNScorer                        coordinator.py:402
[2026/06/03 12:15:23] INFO     Running phase 'Predict' for MovieLens100K/ItemKNNScorer                    coordinator.py:402
[2026/06/03 12:15:33] INFO     Running phase 'Evaluate' for MovieLens100K/ItemKNNScorer                   coordinator.py:402
[2026/06/03 12:15:36] INFO     MovieLens100K/ItemKNNScorer done!                                          coordinator.py:373
                      INFO     Stopping runner...                                                         coordinator.py:445
                      INFO     Reusing existing env 'LensKit_env' at /root/.omnirec/data/envs/LensKit_env         envs.py:48
                      INFO     Starting runner...                                                         coordinator.py:272
[2026/06/03 12:15:37] INFO     Runner started with pid: 7161                                              coordinator.py:297
                      INFO     Connecting to runner...                                                    coordinator.py:135
[2026/06/03 12:15:38] INFO     Running phase 'Fit' for MovieLens100K/PopScorer                            coordinator.py:402
[2026/06/03 12:15:48] INFO     Running phase 'Predict' for MovieLens100K/PopScorer                        coordinator.py:402
[2026/06/03 12:15:58] INFO     Running phase 'Evaluate' for MovieLens100K/PopScorer                       coordinator.py:402
[2026/06/03 12:16:00] INFO     MovieLens100K/PopScorer done!                                              coordinator.py:373
                      INFO     Stopping runner...                                                         coordinator.py:445
                                MovieLens100K-08d57673: Evaluation Results                                
┏━━━━━━━━━━━━━━━━━━━━━━━━━━━━━━━━━━━━━━━┳━━━━━━━━━━━━━━━━━━━━┳━━━━━━━━━━━━━━━━━━━━━┳━━━━━━━━━━━━━━━━━━━━━┓
┃ Algorithm                             ┃ HR@10              ┃ NDCG@10             ┃ Recall@10           ┃
┡━━━━━━━━━━━━━━━━━━━━━━━━━━━━━━━━━━━━━━━╇━━━━━━━━━━━━━━━━━━━━╇━━━━━━━━━━━━━━━━━━━━━╇━━━━━━━━━━━━━━━━━━━━━┩
│ LensKit.ImplicitMFScorer-f0dd7ecb-123 │ 0.7348886532343585 │ 0.13638690252139077 │ 0.1870432089414058  │
│ LensKit.ItemKNNScorer-c3d66610-123    │ 0.7582184517497349 │ 0.18104520325950235 │ 0.22655237421939386 │
│ LensKit.PopScorer-f4aa5539-123        │ 0.6383881230116649 │ 0.12107607568214286 │ 0.14313151206046187 │
└───────────────────────────────────────┴────────────────────┴─────────────────────┴─────────────────────┘
Seed 123 | ALS | NDCG@10=0.1364 Recall@10=0.1870 HR@10=0.7349
Seed 123 | ItemKNN | NDCG@10=0.1810 Recall@10=0.2266 HR@10=0.7582
Seed 123 | Pop | NDCG@10=0.1211 Recall@10=0.1431 HR@10=0.6384

===== Running seed 2025 =====
                      INFO     Canonicalized data set already exists, skipping download and           recsys_data_set.py:205
                               canonicalization.                                                                            
Loaded dataset: RecSysDataSet(name='MovieLens100K', variant='RawData', interactions=100000, columns=4, lineage_steps=0)
                      INFO     Making data set implicit with threshold 3.                          feedback_conversion.py:21
                      INFO     Minimum rating: 1                                                   feedback_conversion.py:24
                      INFO     Maximum rating: 5                                                   feedback_conversion.py:25
                      INFO     Number of interactions before: 100000                               feedback_conversion.py:26
                      INFO     Number of interactions after: 82520                                 feedback_conversion.py:44
                      INFO     Pruning data set to 5-core.                                                core_pruning.py:19
                      INFO     Number of interactions before: 82520                                       core_pruning.py:20
[2026/06/03 12:16:01] INFO     Number of interactions after: 81697                                        core_pruning.py:63
Split sizes for seed 2025: train=56419, valid=12579, test=12699
                      INFO     Reusing existing env 'LensKit_env' at /root/.omnirec/data/envs/LensKit_env         envs.py:48
                      INFO     Starting runner...                                                         coordinator.py:272
[2026/06/03 12:16:03] INFO     Runner started with pid: 7321                                              coordinator.py:297
                      INFO     Connecting to runner...                                                    coordinator.py:135
                      INFO     Running phase 'Fit' for MovieLens100K/ImplicitMFScorer                     coordinator.py:402
[2026/06/03 12:16:13] INFO     Running phase 'Predict' for MovieLens100K/ImplicitMFScorer                 coordinator.py:402
[2026/06/03 12:16:23] INFO     Running phase 'Evaluate' for MovieLens100K/ImplicitMFScorer                coordinator.py:402
[2026/06/03 12:16:26] INFO     MovieLens100K/ImplicitMFScorer done!                                       coordinator.py:373
                      INFO     Stopping runner...                                                         coordinator.py:445
                      INFO     Reusing existing env 'LensKit_env' at /root/.omnirec/data/envs/LensKit_env         envs.py:48
                      INFO     Starting runner...                                                         coordinator.py:272
[2026/06/03 12:16:27] INFO     Runner started with pid: 7505                                              coordinator.py:297
                      INFO     Connecting to runner...                                                    coordinator.py:135
                      INFO     Running phase 'Fit' for MovieLens100K/ItemKNNScorer                        coordinator.py:402
[2026/06/03 12:16:37] INFO     Running phase 'Predict' for MovieLens100K/ItemKNNScorer                    coordinator.py:402
[2026/06/03 12:16:47] INFO     Running phase 'Evaluate' for MovieLens100K/ItemKNNScorer                   coordinator.py:402
[2026/06/03 12:16:50] INFO     MovieLens100K/ItemKNNScorer done!                                          coordinator.py:373
                      INFO     Stopping runner...                                                         coordinator.py:445
                      INFO     Reusing existing env 'LensKit_env' at /root/.omnirec/data/envs/LensKit_env         envs.py:48
                      INFO     Starting runner...                                                         coordinator.py:272
[2026/06/03 12:16:52] INFO     Runner started with pid: 7690                                              coordinator.py:297
                      INFO     Connecting to runner...                                                    coordinator.py:135
                      INFO     Running phase 'Fit' for MovieLens100K/PopScorer                            coordinator.py:402
[2026/06/03 12:17:02] INFO     Running phase 'Predict' for MovieLens100K/PopScorer                        coordinator.py:402
[2026/06/03 12:17:12] INFO     Running phase 'Evaluate' for MovieLens100K/PopScorer                       coordinator.py:402
[2026/06/03 12:17:15] INFO     MovieLens100K/PopScorer done!                                              coordinator.py:373
                      INFO     Stopping runner...                                                         coordinator.py:445
                                MovieLens100K-08d57673: Evaluation Results                                 
┏━━━━━━━━━━━━━━━━━━━━━━━━━━━━━━━━━━━━━━━━┳━━━━━━━━━━━━━━━━━━━━┳━━━━━━━━━━━━━━━━━━━━━┳━━━━━━━━━━━━━━━━━━━━━┓
┃ Algorithm                              ┃ HR@10              ┃ NDCG@10             ┃ Recall@10           ┃
┡━━━━━━━━━━━━━━━━━━━━━━━━━━━━━━━━━━━━━━━━╇━━━━━━━━━━━━━━━━━━━━╇━━━━━━━━━━━━━━━━━━━━━╇━━━━━━━━━━━━━━━━━━━━━┩
│ LensKit.ImplicitMFScorer-f0dd7ecb-2025 │ 0.7423117709437964 │ 0.13750208288205878 │ 0.19189979632715518 │
│ LensKit.ItemKNNScorer-c3d66610-2025    │ 0.7667020148462355 │ 0.17821380060976463 │ 0.2261349290511534  │
│ LensKit.PopScorer-f4aa5539-2025        │ 0.6521739130434783 │ 0.1224080778656933  │ 0.14920003703142606 │
└────────────────────────────────────────┴────────────────────┴─────────────────────┴─────────────────────┘
Seed 2025 | ALS | NDCG@10=0.1375 Recall@10=0.1919 HR@10=0.7423
Seed 2025 | ItemKNN | NDCG@10=0.1782 Recall@10=0.2261 HR@10=0.7667
Seed 2025 | Pop | NDCG@10=0.1224 Recall@10=0.1492 HR@10=0.6522

===== Per-seed test results =====
 seed algorithm                          algorithm_raw  train_interactions  valid_interactions  test_interactions  NDCG@10  Recall@10    HR@10
    7       ALS    LensKit.ImplicitMFScorer-f0dd7ecb-7               56419               12579              12699 0.133041   0.192045 0.742312
   19       ALS   LensKit.ImplicitMFScorer-f0dd7ecb-19               56419               12579              12699 0.141820   0.197795 0.757158
   42       ALS   LensKit.ImplicitMFScorer-f0dd7ecb-42               56419               12579              12699 0.137633   0.193287 0.741251
  123       ALS  LensKit.ImplicitMFScorer-f0dd7ecb-123               56419               12579              12699 0.136387   0.187043 0.734889
 2025       ALS LensKit.ImplicitMFScorer-f0dd7ecb-2025               56419               12579              12699 0.137502   0.191900 0.742312
    7   ItemKNN       LensKit.ItemKNNScorer-c3d66610-7               56419               12579              12699 0.180775   0.233151 0.787911
   19   ItemKNN      LensKit.ItemKNNScorer-c3d66610-19               56419               12579              12699 0.178899   0.225029 0.750795
   42   ItemKNN      LensKit.ItemKNNScorer-c3d66610-42               56419               12579              12699 0.175614   0.221375 0.745493
  123   ItemKNN     LensKit.ItemKNNScorer-c3d66610-123               56419               12579              12699 0.181045   0.226552 0.758218
 2025   ItemKNN    LensKit.ItemKNNScorer-c3d66610-2025               56419               12579              12699 0.178214   0.226135 0.766702
    7       Pop           LensKit.PopScorer-f4aa5539-7               56419               12579              12699 0.122565   0.152025 0.647932
   19       Pop          LensKit.PopScorer-f4aa5539-19               56419               12579              12699 0.119080   0.141443 0.625663
   42       Pop          LensKit.PopScorer-f4aa5539-42               56419               12579              12699 0.121087   0.145317 0.615058
  123       Pop         LensKit.PopScorer-f4aa5539-123               56419               12579              12699 0.121076   0.143132 0.638388
 2025       Pop        LensKit.PopScorer-f4aa5539-2025               56419               12579              12699 0.122408   0.149200 0.652174

===== Seed sensitivity summary =====
algorithm  NDCG@10_mean  NDCG@10_std  NDCG@10_min  NDCG@10_max  Recall@10_mean  Recall@10_std  Recall@10_min  Recall@10_max  HR@10_mean  HR@10_std  HR@10_min  HR@10_max
      ALS      0.137277     0.003145     0.133041     0.141820        0.192414       0.003839       0.187043       0.197795    0.743584   0.008194   0.734889   0.757158
  ItemKNN      0.178910     0.002202     0.175614     0.181045        0.226448       0.004266       0.221375       0.233151    0.761824   0.016626   0.745493   0.787911
      Pop      0.121243     0.001400     0.119080     0.122565        0.146223       0.004352       0.141443       0.152025    0.635843   0.015451   0.615058   0.652174

Saved per-run results to: /app/out/workspace/working/per_seed_test_results.csv
Saved summary results to: /app/out/workspace/working/seed_sensitivity_summary.csv
Execution time: 6 minutes (time limit is an hour).